The target system is: Linux -  - armhf
The host system is: Linux - 5.15.167.4-microsoft-standard-WSL2 - x86_64
Compiling the C compiler identification source file "CMakeCCompilerId.c" succeeded.
Compiler: /mnt/c/Users/11198/Documents/C++_libs/arm-rockchip830-linux-uclibcgnueabihf-master/bin/arm-rockchip830-linux-uclibcgnueabihf-gcc 
Build flags: 
Id flags:  

The output was:
0


Compilation of the C compiler identification source "CMakeCCompilerId.c" produced "a.out"

The C compiler identification is GNU, found in "/mnt/c/Users/11198/Documents/RV1103_demo/test_demo/rknn_model_zoo-2.3.2/build/build_rknn_yolov5_demo_rv1106_linux_armhf_Release/CMakeFiles/3.22.1/CompilerIdC/a.out"

Compiling the CXX compiler identification source file "CMakeCXXCompilerId.cpp" succeeded.
Compiler: /mnt/c/Users/11198/Documents/C++_libs/arm-rockchip830-linux-uclibcgnueabihf-master/bin/arm-rockchip830-linux-uclibcgnueabihf-g++ 
Build flags: 
Id flags:  

The output was:
0


Compilation of the CXX compiler identification source "CMakeCXXCompilerId.cpp" produced "a.out"

The CXX compiler identification is GNU, found in "/mnt/c/Users/11198/Documents/RV1103_demo/test_demo/rknn_model_zoo-2.3.2/build/build_rknn_yolov5_demo_rv1106_linux_armhf_Release/CMakeFiles/3.22.1/CompilerIdCXX/a.out"

Detecting C compiler ABI info compiled with the following output:
Change Dir: /mnt/c/Users/11198/Documents/RV1103_demo/test_demo/rknn_model_zoo-2.3.2/build/build_rknn_yolov5_demo_rv1106_linux_armhf_Release/CMakeFiles/CMakeTmp

Run Build Command(s):/usr/bin/gmake -f Makefile cmTC_323eb/fast && /usr/bin/gmake  -f CMakeFiles/cmTC_323eb.dir/build.make CMakeFiles/cmTC_323eb.dir/build
gmake[1]: Entering directory '/mnt/c/Users/11198/Documents/RV1103_demo/test_demo/rknn_model_zoo-2.3.2/build/build_rknn_yolov5_demo_rv1106_linux_armhf_Release/CMakeFiles/CMakeTmp'
Building C object CMakeFiles/cmTC_323eb.dir/CMakeCCompilerABI.c.o
/mnt/c/Users/11198/Documents/C++_libs/arm-rockchip830-linux-uclibcgnueabihf-master/bin/arm-rockchip830-linux-uclibcgnueabihf-gcc   -v -o CMakeFiles/cmTC_323eb.dir/CMakeCCompilerABI.c.o -c /usr/share/cmake-3.22/Modules/CMakeCCompilerABI.c
Using built-in specs.
COLLECT_GCC=/mnt/c/Users/11198/Documents/C++_libs/arm-rockchip830-linux-uclibcgnueabihf-master/bin/arm-rockchip830-linux-uclibcgnueabihf-gcc
Target: arm-rockchip830-linux-uclibcgnueabihf
Configured with: /opt/.build/arm-rockchip830-linux-uclibcgnueabihf/src/gcc/configure --build=x86_64-build_pc-linux-gnu --host=x86_64-build_pc-linux-gnu --target=arm-rockchip830-linux-uclibcgnueabihf --prefix=/opt/x-tool/arm-rockchip830-linux-uclibcgnueabihf --with-sysroot=/opt/x-tool/arm-rockchip830-linux-uclibcgnueabihf/arm-rockchip830-linux-uclibcgnueabihf/sysroot --enable-languages=c,c++ --with-arch=armv7-a --with-fpu=neon-vfpv4 --with-float=hard --with-pkgversion='crosstool-NG 1.24.0' --enable-__cxa_atexit --disable-libmudflap --disable-libgomp --disable-libssp --disable-libquadmath --disable-libquadmath-support --disable-libsanitizer --disable-libmpx --with-gmp=/opt/.build/arm-rockchip830-linux-uclibcgnueabihf/buildtools --with-mpfr=/opt/.build/arm-rockchip830-linux-uclibcgnueabihf/buildtools --with-mpc=/opt/.build/arm-rockchip830-linux-uclibcgnueabihf/buildtools --with-isl=/opt/.build/arm-rockchip830-linux-uclibcgnueabihf/buildtools --enable-lto --with-host-libstdcxx='-static-libgcc -Wl,-Bstatic,-lstdc++,-Bdynamic -lm' --enable-threads=posix --enable-target-optspace --enable-plugin --enable-gold --disable-nls --disable-multilib --with-local-prefix=/opt/x-tool/arm-rockchip830-linux-uclibcgnueabihf/arm-rockchip830-linux-uclibcgnueabihf/sysroot --enable-long-long
Thread model: posix
gcc version 8.3.0 (crosstool-NG 1.24.0) 
COLLECT_GCC_OPTIONS='-v' '-o' 'CMakeFiles/cmTC_323eb.dir/CMakeCCompilerABI.c.o' '-c'  '-mfloat-abi=hard' '-mfpu=neon-vfpv4' '-mtls-dialect=gnu' '-marm' '-march=armv7-a+neon-vfpv4'
 /mnt/c/Users/11198/Documents/C++_libs/arm-rockchip830-linux-uclibcgnueabihf-master/bin/../libexec/gcc/arm-rockchip830-linux-uclibcgnueabihf/8.3.0/cc1 -quiet -v -iprefix /mnt/c/Users/11198/Documents/C++_libs/arm-rockchip830-linux-uclibcgnueabihf-master/bin/../lib/gcc/arm-rockchip830-linux-uclibcgnueabihf/8.3.0/ -isysroot /mnt/c/Users/11198/Documents/C++_libs/arm-rockchip830-linux-uclibcgnueabihf-master/bin/../arm-rockchip830-linux-uclibcgnueabihf/sysroot /usr/share/cmake-3.22/Modules/CMakeCCompilerABI.c -quiet -dumpbase CMakeCCompilerABI.c -mfloat-abi=hard -mfpu=neon-vfpv4 -mtls-dialect=gnu -marm -march=armv7-a+neon-vfpv4 -auxbase-strip CMakeFiles/cmTC_323eb.dir/CMakeCCompilerABI.c.o -version -o /tmp/ccqbL2PA.s
GNU C17 (crosstool-NG 1.24.0) version 8.3.0 (arm-rockchip830-linux-uclibcgnueabihf)
	compiled by GNU C version 5.4.0 20160609, GMP version 6.1.2, MPFR version 4.0.2, MPC version 1.1.0, isl version isl-0.24-GMP

GGC heuristics: --param ggc-min-expand=100 --param ggc-min-heapsize=131072
ignoring duplicate directory "/mnt/c/Users/11198/Documents/C++_libs/arm-rockchip830-linux-uclibcgnueabihf-master/bin/../lib/gcc/../../lib/gcc/arm-rockchip830-linux-uclibcgnueabihf/8.3.0/include"
ignoring nonexistent directory "/mnt/c/Users/11198/Documents/C++_libs/arm-rockchip830-linux-uclibcgnueabihf-master/bin/../arm-rockchip830-linux-uclibcgnueabihf/sysroot/opt/x-tool/arm-rockchip830-linux-uclibcgnueabihf/arm-rockchip830-linux-uclibcgnueabihf/sysroot/include"
ignoring duplicate directory "/mnt/c/Users/11198/Documents/C++_libs/arm-rockchip830-linux-uclibcgnueabihf-master/bin/../lib/gcc/../../lib/gcc/arm-rockchip830-linux-uclibcgnueabihf/8.3.0/include-fixed"
ignoring duplicate directory "/mnt/c/Users/11198/Documents/C++_libs/arm-rockchip830-linux-uclibcgnueabihf-master/bin/../lib/gcc/../../lib/gcc/arm-rockchip830-linux-uclibcgnueabihf/8.3.0/../../../../arm-rockchip830-linux-uclibcgnueabihf/include"
#include "..." search starts here:
#include <...> search starts here:
 /mnt/c/Users/11198/Documents/C++_libs/arm-rockchip830-linux-uclibcgnueabihf-master/bin/../lib/gcc/arm-rockchip830-linux-uclibcgnueabihf/8.3.0/include
 /mnt/c/Users/11198/Documents/C++_libs/arm-rockchip830-linux-uclibcgnueabihf-master/bin/../lib/gcc/arm-rockchip830-linux-uclibcgnueabihf/8.3.0/include-fixed
 /mnt/c/Users/11198/Documents/C++_libs/arm-rockchip830-linux-uclibcgnueabihf-master/bin/../lib/gcc/arm-rockchip830-linux-uclibcgnueabihf/8.3.0/../../../../arm-rockchip830-linux-uclibcgnueabihf/include
 /mnt/c/Users/11198/Documents/C++_libs/arm-rockchip830-linux-uclibcgnueabihf-master/bin/../arm-rockchip830-linux-uclibcgnueabihf/sysroot/usr/include
End of search list.
GNU C17 (crosstool-NG 1.24.0) version 8.3.0 (arm-rockchip830-linux-uclibcgnueabihf)
	compiled by GNU C version 5.4.0 20160609, GMP version 6.1.2, MPFR version 4.0.2, MPC version 1.1.0, isl version isl-0.24-GMP

GGC heuristics: --param ggc-min-expand=100 --param ggc-min-heapsize=131072
Compiler executable checksum: e7661739e091f01943ce0a99456fb43a
COLLECT_GCC_OPTIONS='-v' '-o' 'CMakeFiles/cmTC_323eb.dir/CMakeCCompilerABI.c.o' '-c'  '-mfloat-abi=hard' '-mfpu=neon-vfpv4' '-mtls-dialect=gnu' '-marm' '-march=armv7-a+neon-vfpv4'
 /mnt/c/Users/11198/Documents/C++_libs/arm-rockchip830-linux-uclibcgnueabihf-master/bin/../lib/gcc/arm-rockchip830-linux-uclibcgnueabihf/8.3.0/../../../../arm-rockchip830-linux-uclibcgnueabihf/bin/as -v -march=armv7-a -mfloat-abi=hard -mfpu=neon-vfpv4 -meabi=5 -o CMakeFiles/cmTC_323eb.dir/CMakeCCompilerABI.c.o /tmp/ccqbL2PA.s
GNU assembler version 2.32 (arm-rockchip830-linux-uclibcgnueabihf) using BFD version (crosstool-NG 1.24.0) 2.32
COMPILER_PATH=/mnt/c/Users/11198/Documents/C++_libs/arm-rockchip830-linux-uclibcgnueabihf-master/bin/../libexec/gcc/arm-rockchip830-linux-uclibcgnueabihf/8.3.0/:/mnt/c/Users/11198/Documents/C++_libs/arm-rockchip830-linux-uclibcgnueabihf-master/bin/../libexec/gcc/:/mnt/c/Users/11198/Documents/C++_libs/arm-rockchip830-linux-uclibcgnueabihf-master/bin/../lib/gcc/arm-rockchip830-linux-uclibcgnueabihf/8.3.0/../../../../arm-rockchip830-linux-uclibcgnueabihf/bin/
LIBRARY_PATH=/mnt/c/Users/11198/Documents/C++_libs/arm-rockchip830-linux-uclibcgnueabihf-master/bin/../lib/gcc/arm-rockchip830-linux-uclibcgnueabihf/8.3.0/:/mnt/c/Users/11198/Documents/C++_libs/arm-rockchip830-linux-uclibcgnueabihf-master/bin/../lib/gcc/:/mnt/c/Users/11198/Documents/C++_libs/arm-rockchip830-linux-uclibcgnueabihf-master/bin/../lib/gcc/arm-rockchip830-linux-uclibcgnueabihf/8.3.0/../../../../arm-rockchip830-linux-uclibcgnueabihf/lib/:/mnt/c/Users/11198/Documents/C++_libs/arm-rockchip830-linux-uclibcgnueabihf-master/bin/../arm-rockchip830-linux-uclibcgnueabihf/sysroot/lib/:/mnt/c/Users/11198/Documents/C++_libs/arm-rockchip830-linux-uclibcgnueabihf-master/bin/../arm-rockchip830-linux-uclibcgnueabihf/sysroot/usr/lib/
COLLECT_GCC_OPTIONS='-v' '-o' 'CMakeFiles/cmTC_323eb.dir/CMakeCCompilerABI.c.o' '-c'  '-mfloat-abi=hard' '-mfpu=neon-vfpv4' '-mtls-dialect=gnu' '-marm' '-march=armv7-a+neon-vfpv4'
Linking C executable cmTC_323eb
/usr/bin/cmake -E cmake_link_script CMakeFiles/cmTC_323eb.dir/link.txt --verbose=1
/mnt/c/Users/11198/Documents/C++_libs/arm-rockchip830-linux-uclibcgnueabihf-master/bin/arm-rockchip830-linux-uclibcgnueabihf-gcc  -v CMakeFiles/cmTC_323eb.dir/CMakeCCompilerABI.c.o -o cmTC_323eb 
Using built-in specs.
COLLECT_GCC=/mnt/c/Users/11198/Documents/C++_libs/arm-rockchip830-linux-uclibcgnueabihf-master/bin/arm-rockchip830-linux-uclibcgnueabihf-gcc
COLLECT_LTO_WRAPPER=/mnt/c/Users/11198/Documents/C++_libs/arm-rockchip830-linux-uclibcgnueabihf-master/bin/../libexec/gcc/arm-rockchip830-linux-uclibcgnueabihf/8.3.0/lto-wrapper
Target: arm-rockchip830-linux-uclibcgnueabihf
Configured with: /opt/.build/arm-rockchip830-linux-uclibcgnueabihf/src/gcc/configure --build=x86_64-build_pc-linux-gnu --host=x86_64-build_pc-linux-gnu --target=arm-rockchip830-linux-uclibcgnueabihf --prefix=/opt/x-tool/arm-rockchip830-linux-uclibcgnueabihf --with-sysroot=/opt/x-tool/arm-rockchip830-linux-uclibcgnueabihf/arm-rockchip830-linux-uclibcgnueabihf/sysroot --enable-languages=c,c++ --with-arch=armv7-a --with-fpu=neon-vfpv4 --with-float=hard --with-pkgversion='crosstool-NG 1.24.0' --enable-__cxa_atexit --disable-libmudflap --disable-libgomp --disable-libssp --disable-libquadmath --disable-libquadmath-support --disable-libsanitizer --disable-libmpx --with-gmp=/opt/.build/arm-rockchip830-linux-uclibcgnueabihf/buildtools --with-mpfr=/opt/.build/arm-rockchip830-linux-uclibcgnueabihf/buildtools --with-mpc=/opt/.build/arm-rockchip830-linux-uclibcgnueabihf/buildtools --with-isl=/opt/.build/arm-rockchip830-linux-uclibcgnueabihf/buildtools --enable-lto --with-host-libstdcxx='-static-libgcc -Wl,-Bstatic,-lstdc++,-Bdynamic -lm' --enable-threads=posix --enable-target-optspace --enable-plugin --enable-gold --disable-nls --disable-multilib --with-local-prefix=/opt/x-tool/arm-rockchip830-linux-uclibcgnueabihf/arm-rockchip830-linux-uclibcgnueabihf/sysroot --enable-long-long
Thread model: posix
gcc version 8.3.0 (crosstool-NG 1.24.0) 
COMPILER_PATH=/mnt/c/Users/11198/Documents/C++_libs/arm-rockchip830-linux-uclibcgnueabihf-master/bin/../libexec/gcc/arm-rockchip830-linux-uclibcgnueabihf/8.3.0/:/mnt/c/Users/11198/Documents/C++_libs/arm-rockchip830-linux-uclibcgnueabihf-master/bin/../libexec/gcc/:/mnt/c/Users/11198/Documents/C++_libs/arm-rockchip830-linux-uclibcgnueabihf-master/bin/../lib/gcc/arm-rockchip830-linux-uclibcgnueabihf/8.3.0/../../../../arm-rockchip830-linux-uclibcgnueabihf/bin/
LIBRARY_PATH=/mnt/c/Users/11198/Documents/C++_libs/arm-rockchip830-linux-uclibcgnueabihf-master/bin/../lib/gcc/arm-rockchip830-linux-uclibcgnueabihf/8.3.0/:/mnt/c/Users/11198/Documents/C++_libs/arm-rockchip830-linux-uclibcgnueabihf-master/bin/../lib/gcc/:/mnt/c/Users/11198/Documents/C++_libs/arm-rockchip830-linux-uclibcgnueabihf-master/bin/../lib/gcc/arm-rockchip830-linux-uclibcgnueabihf/8.3.0/../../../../arm-rockchip830-linux-uclibcgnueabihf/lib/:/mnt/c/Users/11198/Documents/C++_libs/arm-rockchip830-linux-uclibcgnueabihf-master/bin/../arm-rockchip830-linux-uclibcgnueabihf/sysroot/lib/:/mnt/c/Users/11198/Documents/C++_libs/arm-rockchip830-linux-uclibcgnueabihf-master/bin/../arm-rockchip830-linux-uclibcgnueabihf/sysroot/usr/lib/
COLLECT_GCC_OPTIONS='-v' '-o' 'cmTC_323eb'  '-mfloat-abi=hard' '-mfpu=neon-vfpv4' '-mtls-dialect=gnu' '-marm' '-march=armv7-a+neon-vfpv4'
 /mnt/c/Users/11198/Documents/C++_libs/arm-rockchip830-linux-uclibcgnueabihf-master/bin/../libexec/gcc/arm-rockchip830-linux-uclibcgnueabihf/8.3.0/collect2 -plugin /mnt/c/Users/11198/Documents/C++_libs/arm-rockchip830-linux-uclibcgnueabihf-master/bin/../libexec/gcc/arm-rockchip830-linux-uclibcgnueabihf/8.3.0/liblto_plugin.so -plugin-opt=/mnt/c/Users/11198/Documents/C++_libs/arm-rockchip830-linux-uclibcgnueabihf-master/bin/../libexec/gcc/arm-rockchip830-linux-uclibcgnueabihf/8.3.0/lto-wrapper -plugin-opt=-fresolution=/tmp/ccFt8XrQ.res -plugin-opt=-pass-through=-lgcc -plugin-opt=-pass-through=-lgcc_s -plugin-opt=-pass-through=-lc -plugin-opt=-pass-through=-lgcc -plugin-opt=-pass-through=-lgcc_s --sysroot=/mnt/c/Users/11198/Documents/C++_libs/arm-rockchip830-linux-uclibcgnueabihf-master/bin/../arm-rockchip830-linux-uclibcgnueabihf/sysroot --eh-frame-hdr -dynamic-linker /lib/ld-uClibc.so.0 -X -m armelf_linux_eabi -o cmTC_323eb /mnt/c/Users/11198/Documents/C++_libs/arm-rockchip830-linux-uclibcgnueabihf-master/bin/../arm-rockchip830-linux-uclibcgnueabihf/sysroot/usr/lib/crt1.o /mnt/c/Users/11198/Documents/C++_libs/arm-rockchip830-linux-uclibcgnueabihf-master/bin/../arm-rockchip830-linux-uclibcgnueabihf/sysroot/usr/lib/crti.o /mnt/c/Users/11198/Documents/C++_libs/arm-rockchip830-linux-uclibcgnueabihf-master/bin/../lib/gcc/arm-rockchip830-linux-uclibcgnueabihf/8.3.0/crtbegin.o -L/mnt/c/Users/11198/Documents/C++_libs/arm-rockchip830-linux-uclibcgnueabihf-master/bin/../lib/gcc/arm-rockchip830-linux-uclibcgnueabihf/8.3.0 -L/mnt/c/Users/11198/Documents/C++_libs/arm-rockchip830-linux-uclibcgnueabihf-master/bin/../lib/gcc -L/mnt/c/Users/11198/Documents/C++_libs/arm-rockchip830-linux-uclibcgnueabihf-master/bin/../lib/gcc/arm-rockchip830-linux-uclibcgnueabihf/8.3.0/../../../../arm-rockchip830-linux-uclibcgnueabihf/lib -L/mnt/c/Users/11198/Documents/C++_libs/arm-rockchip830-linux-uclibcgnueabihf-master/bin/../arm-rockchip830-linux-uclibcgnueabihf/sysroot/lib -L/mnt/c/Users/11198/Documents/C++_libs/arm-rockchip830-linux-uclibcgnueabihf-master/bin/../arm-rockchip830-linux-uclibcgnueabihf/sysroot/usr/lib CMakeFiles/cmTC_323eb.dir/CMakeCCompilerABI.c.o -lgcc --as-needed -lgcc_s --no-as-needed -lc -lgcc --as-needed -lgcc_s --no-as-needed /mnt/c/Users/11198/Documents/C++_libs/arm-rockchip830-linux-uclibcgnueabihf-master/bin/../lib/gcc/arm-rockchip830-linux-uclibcgnueabihf/8.3.0/crtend.o /mnt/c/Users/11198/Documents/C++_libs/arm-rockchip830-linux-uclibcgnueabihf-master/bin/../arm-rockchip830-linux-uclibcgnueabihf/sysroot/usr/lib/crtn.o
COLLECT_GCC_OPTIONS='-v' '-o' 'cmTC_323eb'  '-mfloat-abi=hard' '-mfpu=neon-vfpv4' '-mtls-dialect=gnu' '-marm' '-march=armv7-a+neon-vfpv4'
gmake[1]: Leaving directory '/mnt/c/Users/11198/Documents/RV1103_demo/test_demo/rknn_model_zoo-2.3.2/build/build_rknn_yolov5_demo_rv1106_linux_armhf_Release/CMakeFiles/CMakeTmp'



Parsed C implicit include dir info from above output: rv=done
  found start of include info
  found start of implicit include info
    add: [/mnt/c/Users/11198/Documents/C++_libs/arm-rockchip830-linux-uclibcgnueabihf-master/bin/../lib/gcc/arm-rockchip830-linux-uclibcgnueabihf/8.3.0/include]
    add: [/mnt/c/Users/11198/Documents/C++_libs/arm-rockchip830-linux-uclibcgnueabihf-master/bin/../lib/gcc/arm-rockchip830-linux-uclibcgnueabihf/8.3.0/include-fixed]
    add: [/mnt/c/Users/11198/Documents/C++_libs/arm-rockchip830-linux-uclibcgnueabihf-master/bin/../lib/gcc/arm-rockchip830-linux-uclibcgnueabihf/8.3.0/../../../../arm-rockchip830-linux-uclibcgnueabihf/include]
    add: [/mnt/c/Users/11198/Documents/C++_libs/arm-rockchip830-linux-uclibcgnueabihf-master/bin/../arm-rockchip830-linux-uclibcgnueabihf/sysroot/usr/include]
  end of search list found
  collapse include dir [/mnt/c/Users/11198/Documents/C++_libs/arm-rockchip830-linux-uclibcgnueabihf-master/bin/../lib/gcc/arm-rockchip830-linux-uclibcgnueabihf/8.3.0/include] ==> [/mnt/c/Users/11198/Documents/C++_libs/arm-rockchip830-linux-uclibcgnueabihf-master/lib/gcc/arm-rockchip830-linux-uclibcgnueabihf/8.3.0/include]
  collapse include dir [/mnt/c/Users/11198/Documents/C++_libs/arm-rockchip830-linux-uclibcgnueabihf-master/bin/../lib/gcc/arm-rockchip830-linux-uclibcgnueabihf/8.3.0/include-fixed] ==> [/mnt/c/Users/11198/Documents/C++_libs/arm-rockchip830-linux-uclibcgnueabihf-master/lib/gcc/arm-rockchip830-linux-uclibcgnueabihf/8.3.0/include-fixed]
  collapse include dir [/mnt/c/Users/11198/Documents/C++_libs/arm-rockchip830-linux-uclibcgnueabihf-master/bin/../lib/gcc/arm-rockchip830-linux-uclibcgnueabihf/8.3.0/../../../../arm-rockchip830-linux-uclibcgnueabihf/include] ==> [/mnt/c/Users/11198/Documents/C++_libs/arm-rockchip830-linux-uclibcgnueabihf-master/arm-rockchip830-linux-uclibcgnueabihf/include]
  collapse include dir [/mnt/c/Users/11198/Documents/C++_libs/arm-rockchip830-linux-uclibcgnueabihf-master/bin/../arm-rockchip830-linux-uclibcgnueabihf/sysroot/usr/include] ==> [/mnt/c/Users/11198/Documents/C++_libs/arm-rockchip830-linux-uclibcgnueabihf-master/arm-rockchip830-linux-uclibcgnueabihf/sysroot/usr/include]
  implicit include dirs: [/mnt/c/Users/11198/Documents/C++_libs/arm-rockchip830-linux-uclibcgnueabihf-master/lib/gcc/arm-rockchip830-linux-uclibcgnueabihf/8.3.0/include;/mnt/c/Users/11198/Documents/C++_libs/arm-rockchip830-linux-uclibcgnueabihf-master/lib/gcc/arm-rockchip830-linux-uclibcgnueabihf/8.3.0/include-fixed;/mnt/c/Users/11198/Documents/C++_libs/arm-rockchip830-linux-uclibcgnueabihf-master/arm-rockchip830-linux-uclibcgnueabihf/include;/mnt/c/Users/11198/Documents/C++_libs/arm-rockchip830-linux-uclibcgnueabihf-master/arm-rockchip830-linux-uclibcgnueabihf/sysroot/usr/include]


Parsed C implicit link information from above output:
  link line regex: [^( *|.*[/\])(arm-rockchip830-linux-uclibcgnueabihf-ld|CMAKE_LINK_STARTFILE-NOTFOUND|([^/\]+-)?ld|collect2)[^/\]*( |$)]
  ignore line: [Change Dir: /mnt/c/Users/11198/Documents/RV1103_demo/test_demo/rknn_model_zoo-2.3.2/build/build_rknn_yolov5_demo_rv1106_linux_armhf_Release/CMakeFiles/CMakeTmp]
  ignore line: []
  ignore line: [Run Build Command(s):/usr/bin/gmake -f Makefile cmTC_323eb/fast && /usr/bin/gmake  -f CMakeFiles/cmTC_323eb.dir/build.make CMakeFiles/cmTC_323eb.dir/build]
  ignore line: [gmake[1]: Entering directory '/mnt/c/Users/11198/Documents/RV1103_demo/test_demo/rknn_model_zoo-2.3.2/build/build_rknn_yolov5_demo_rv1106_linux_armhf_Release/CMakeFiles/CMakeTmp']
  ignore line: [Building C object CMakeFiles/cmTC_323eb.dir/CMakeCCompilerABI.c.o]
  ignore line: [/mnt/c/Users/11198/Documents/C++_libs/arm-rockchip830-linux-uclibcgnueabihf-master/bin/arm-rockchip830-linux-uclibcgnueabihf-gcc   -v -o CMakeFiles/cmTC_323eb.dir/CMakeCCompilerABI.c.o -c /usr/share/cmake-3.22/Modules/CMakeCCompilerABI.c]
  ignore line: [Using built-in specs.]
  ignore line: [COLLECT_GCC=/mnt/c/Users/11198/Documents/C++_libs/arm-rockchip830-linux-uclibcgnueabihf-master/bin/arm-rockchip830-linux-uclibcgnueabihf-gcc]
  ignore line: [Target: arm-rockchip830-linux-uclibcgnueabihf]
  ignore line: [Configured with: /opt/.build/arm-rockchip830-linux-uclibcgnueabihf/src/gcc/configure --build=x86_64-build_pc-linux-gnu --host=x86_64-build_pc-linux-gnu --target=arm-rockchip830-linux-uclibcgnueabihf --prefix=/opt/x-tool/arm-rockchip830-linux-uclibcgnueabihf --with-sysroot=/opt/x-tool/arm-rockchip830-linux-uclibcgnueabihf/arm-rockchip830-linux-uclibcgnueabihf/sysroot --enable-languages=c c++ --with-arch=armv7-a --with-fpu=neon-vfpv4 --with-float=hard --with-pkgversion='crosstool-NG 1.24.0' --enable-__cxa_atexit --disable-libmudflap --disable-libgomp --disable-libssp --disable-libquadmath --disable-libquadmath-support --disable-libsanitizer --disable-libmpx --with-gmp=/opt/.build/arm-rockchip830-linux-uclibcgnueabihf/buildtools --with-mpfr=/opt/.build/arm-rockchip830-linux-uclibcgnueabihf/buildtools --with-mpc=/opt/.build/arm-rockchip830-linux-uclibcgnueabihf/buildtools --with-isl=/opt/.build/arm-rockchip830-linux-uclibcgnueabihf/buildtools --enable-lto --with-host-libstdcxx='-static-libgcc -Wl -Bstatic -lstdc++ -Bdynamic -lm' --enable-threads=posix --enable-target-optspace --enable-plugin --enable-gold --disable-nls --disable-multilib --with-local-prefix=/opt/x-tool/arm-rockchip830-linux-uclibcgnueabihf/arm-rockchip830-linux-uclibcgnueabihf/sysroot --enable-long-long]
  ignore line: [Thread model: posix]
  ignore line: [gcc version 8.3.0 (crosstool-NG 1.24.0) ]
  ignore line: [COLLECT_GCC_OPTIONS='-v' '-o' 'CMakeFiles/cmTC_323eb.dir/CMakeCCompilerABI.c.o' '-c'  '-mfloat-abi=hard' '-mfpu=neon-vfpv4' '-mtls-dialect=gnu' '-marm' '-march=armv7-a+neon-vfpv4']
  ignore line: [ /mnt/c/Users/11198/Documents/C++_libs/arm-rockchip830-linux-uclibcgnueabihf-master/bin/../libexec/gcc/arm-rockchip830-linux-uclibcgnueabihf/8.3.0/cc1 -quiet -v -iprefix /mnt/c/Users/11198/Documents/C++_libs/arm-rockchip830-linux-uclibcgnueabihf-master/bin/../lib/gcc/arm-rockchip830-linux-uclibcgnueabihf/8.3.0/ -isysroot /mnt/c/Users/11198/Documents/C++_libs/arm-rockchip830-linux-uclibcgnueabihf-master/bin/../arm-rockchip830-linux-uclibcgnueabihf/sysroot /usr/share/cmake-3.22/Modules/CMakeCCompilerABI.c -quiet -dumpbase CMakeCCompilerABI.c -mfloat-abi=hard -mfpu=neon-vfpv4 -mtls-dialect=gnu -marm -march=armv7-a+neon-vfpv4 -auxbase-strip CMakeFiles/cmTC_323eb.dir/CMakeCCompilerABI.c.o -version -o /tmp/ccqbL2PA.s]
  ignore line: [GNU C17 (crosstool-NG 1.24.0) version 8.3.0 (arm-rockchip830-linux-uclibcgnueabihf)]
  ignore line: [	compiled by GNU C version 5.4.0 20160609  GMP version 6.1.2  MPFR version 4.0.2  MPC version 1.1.0  isl version isl-0.24-GMP]
  ignore line: []
  ignore line: [GGC heuristics: --param ggc-min-expand=100 --param ggc-min-heapsize=131072]
  ignore line: [ignoring duplicate directory "/mnt/c/Users/11198/Documents/C++_libs/arm-rockchip830-linux-uclibcgnueabihf-master/bin/../lib/gcc/../../lib/gcc/arm-rockchip830-linux-uclibcgnueabihf/8.3.0/include"]
  ignore line: [ignoring nonexistent directory "/mnt/c/Users/11198/Documents/C++_libs/arm-rockchip830-linux-uclibcgnueabihf-master/bin/../arm-rockchip830-linux-uclibcgnueabihf/sysroot/opt/x-tool/arm-rockchip830-linux-uclibcgnueabihf/arm-rockchip830-linux-uclibcgnueabihf/sysroot/include"]
  ignore line: [ignoring duplicate directory "/mnt/c/Users/11198/Documents/C++_libs/arm-rockchip830-linux-uclibcgnueabihf-master/bin/../lib/gcc/../../lib/gcc/arm-rockchip830-linux-uclibcgnueabihf/8.3.0/include-fixed"]
  ignore line: [ignoring duplicate directory "/mnt/c/Users/11198/Documents/C++_libs/arm-rockchip830-linux-uclibcgnueabihf-master/bin/../lib/gcc/../../lib/gcc/arm-rockchip830-linux-uclibcgnueabihf/8.3.0/../../../../arm-rockchip830-linux-uclibcgnueabihf/include"]
  ignore line: [#include "..." search starts here:]
  ignore line: [#include <...> search starts here:]
  ignore line: [ /mnt/c/Users/11198/Documents/C++_libs/arm-rockchip830-linux-uclibcgnueabihf-master/bin/../lib/gcc/arm-rockchip830-linux-uclibcgnueabihf/8.3.0/include]
  ignore line: [ /mnt/c/Users/11198/Documents/C++_libs/arm-rockchip830-linux-uclibcgnueabihf-master/bin/../lib/gcc/arm-rockchip830-linux-uclibcgnueabihf/8.3.0/include-fixed]
  ignore line: [ /mnt/c/Users/11198/Documents/C++_libs/arm-rockchip830-linux-uclibcgnueabihf-master/bin/../lib/gcc/arm-rockchip830-linux-uclibcgnueabihf/8.3.0/../../../../arm-rockchip830-linux-uclibcgnueabihf/include]
  ignore line: [ /mnt/c/Users/11198/Documents/C++_libs/arm-rockchip830-linux-uclibcgnueabihf-master/bin/../arm-rockchip830-linux-uclibcgnueabihf/sysroot/usr/include]
  ignore line: [End of search list.]
  ignore line: [GNU C17 (crosstool-NG 1.24.0) version 8.3.0 (arm-rockchip830-linux-uclibcgnueabihf)]
  ignore line: [	compiled by GNU C version 5.4.0 20160609  GMP version 6.1.2  MPFR version 4.0.2  MPC version 1.1.0  isl version isl-0.24-GMP]
  ignore line: []
  ignore line: [GGC heuristics: --param ggc-min-expand=100 --param ggc-min-heapsize=131072]
  ignore line: [Compiler executable checksum: e7661739e091f01943ce0a99456fb43a]
  ignore line: [COLLECT_GCC_OPTIONS='-v' '-o' 'CMakeFiles/cmTC_323eb.dir/CMakeCCompilerABI.c.o' '-c'  '-mfloat-abi=hard' '-mfpu=neon-vfpv4' '-mtls-dialect=gnu' '-marm' '-march=armv7-a+neon-vfpv4']
  ignore line: [ /mnt/c/Users/11198/Documents/C++_libs/arm-rockchip830-linux-uclibcgnueabihf-master/bin/../lib/gcc/arm-rockchip830-linux-uclibcgnueabihf/8.3.0/../../../../arm-rockchip830-linux-uclibcgnueabihf/bin/as -v -march=armv7-a -mfloat-abi=hard -mfpu=neon-vfpv4 -meabi=5 -o CMakeFiles/cmTC_323eb.dir/CMakeCCompilerABI.c.o /tmp/ccqbL2PA.s]
  ignore line: [GNU assembler version 2.32 (arm-rockchip830-linux-uclibcgnueabihf) using BFD version (crosstool-NG 1.24.0) 2.32]
  ignore line: [COMPILER_PATH=/mnt/c/Users/11198/Documents/C++_libs/arm-rockchip830-linux-uclibcgnueabihf-master/bin/../libexec/gcc/arm-rockchip830-linux-uclibcgnueabihf/8.3.0/:/mnt/c/Users/11198/Documents/C++_libs/arm-rockchip830-linux-uclibcgnueabihf-master/bin/../libexec/gcc/:/mnt/c/Users/11198/Documents/C++_libs/arm-rockchip830-linux-uclibcgnueabihf-master/bin/../lib/gcc/arm-rockchip830-linux-uclibcgnueabihf/8.3.0/../../../../arm-rockchip830-linux-uclibcgnueabihf/bin/]
  ignore line: [LIBRARY_PATH=/mnt/c/Users/11198/Documents/C++_libs/arm-rockchip830-linux-uclibcgnueabihf-master/bin/../lib/gcc/arm-rockchip830-linux-uclibcgnueabihf/8.3.0/:/mnt/c/Users/11198/Documents/C++_libs/arm-rockchip830-linux-uclibcgnueabihf-master/bin/../lib/gcc/:/mnt/c/Users/11198/Documents/C++_libs/arm-rockchip830-linux-uclibcgnueabihf-master/bin/../lib/gcc/arm-rockchip830-linux-uclibcgnueabihf/8.3.0/../../../../arm-rockchip830-linux-uclibcgnueabihf/lib/:/mnt/c/Users/11198/Documents/C++_libs/arm-rockchip830-linux-uclibcgnueabihf-master/bin/../arm-rockchip830-linux-uclibcgnueabihf/sysroot/lib/:/mnt/c/Users/11198/Documents/C++_libs/arm-rockchip830-linux-uclibcgnueabihf-master/bin/../arm-rockchip830-linux-uclibcgnueabihf/sysroot/usr/lib/]
  ignore line: [COLLECT_GCC_OPTIONS='-v' '-o' 'CMakeFiles/cmTC_323eb.dir/CMakeCCompilerABI.c.o' '-c'  '-mfloat-abi=hard' '-mfpu=neon-vfpv4' '-mtls-dialect=gnu' '-marm' '-march=armv7-a+neon-vfpv4']
  ignore line: [Linking C executable cmTC_323eb]
  ignore line: [/usr/bin/cmake -E cmake_link_script CMakeFiles/cmTC_323eb.dir/link.txt --verbose=1]
  ignore line: [/mnt/c/Users/11198/Documents/C++_libs/arm-rockchip830-linux-uclibcgnueabihf-master/bin/arm-rockchip830-linux-uclibcgnueabihf-gcc  -v CMakeFiles/cmTC_323eb.dir/CMakeCCompilerABI.c.o -o cmTC_323eb ]
  ignore line: [Using built-in specs.]
  ignore line: [COLLECT_GCC=/mnt/c/Users/11198/Documents/C++_libs/arm-rockchip830-linux-uclibcgnueabihf-master/bin/arm-rockchip830-linux-uclibcgnueabihf-gcc]
  ignore line: [COLLECT_LTO_WRAPPER=/mnt/c/Users/11198/Documents/C++_libs/arm-rockchip830-linux-uclibcgnueabihf-master/bin/../libexec/gcc/arm-rockchip830-linux-uclibcgnueabihf/8.3.0/lto-wrapper]
  ignore line: [Target: arm-rockchip830-linux-uclibcgnueabihf]
  ignore line: [Configured with: /opt/.build/arm-rockchip830-linux-uclibcgnueabihf/src/gcc/configure --build=x86_64-build_pc-linux-gnu --host=x86_64-build_pc-linux-gnu --target=arm-rockchip830-linux-uclibcgnueabihf --prefix=/opt/x-tool/arm-rockchip830-linux-uclibcgnueabihf --with-sysroot=/opt/x-tool/arm-rockchip830-linux-uclibcgnueabihf/arm-rockchip830-linux-uclibcgnueabihf/sysroot --enable-languages=c c++ --with-arch=armv7-a --with-fpu=neon-vfpv4 --with-float=hard --with-pkgversion='crosstool-NG 1.24.0' --enable-__cxa_atexit --disable-libmudflap --disable-libgomp --disable-libssp --disable-libquadmath --disable-libquadmath-support --disable-libsanitizer --disable-libmpx --with-gmp=/opt/.build/arm-rockchip830-linux-uclibcgnueabihf/buildtools --with-mpfr=/opt/.build/arm-rockchip830-linux-uclibcgnueabihf/buildtools --with-mpc=/opt/.build/arm-rockchip830-linux-uclibcgnueabihf/buildtools --with-isl=/opt/.build/arm-rockchip830-linux-uclibcgnueabihf/buildtools --enable-lto --with-host-libstdcxx='-static-libgcc -Wl -Bstatic -lstdc++ -Bdynamic -lm' --enable-threads=posix --enable-target-optspace --enable-plugin --enable-gold --disable-nls --disable-multilib --with-local-prefix=/opt/x-tool/arm-rockchip830-linux-uclibcgnueabihf/arm-rockchip830-linux-uclibcgnueabihf/sysroot --enable-long-long]
  ignore line: [Thread model: posix]
  ignore line: [gcc version 8.3.0 (crosstool-NG 1.24.0) ]
  ignore line: [COMPILER_PATH=/mnt/c/Users/11198/Documents/C++_libs/arm-rockchip830-linux-uclibcgnueabihf-master/bin/../libexec/gcc/arm-rockchip830-linux-uclibcgnueabihf/8.3.0/:/mnt/c/Users/11198/Documents/C++_libs/arm-rockchip830-linux-uclibcgnueabihf-master/bin/../libexec/gcc/:/mnt/c/Users/11198/Documents/C++_libs/arm-rockchip830-linux-uclibcgnueabihf-master/bin/../lib/gcc/arm-rockchip830-linux-uclibcgnueabihf/8.3.0/../../../../arm-rockchip830-linux-uclibcgnueabihf/bin/]
  ignore line: [LIBRARY_PATH=/mnt/c/Users/11198/Documents/C++_libs/arm-rockchip830-linux-uclibcgnueabihf-master/bin/../lib/gcc/arm-rockchip830-linux-uclibcgnueabihf/8.3.0/:/mnt/c/Users/11198/Documents/C++_libs/arm-rockchip830-linux-uclibcgnueabihf-master/bin/../lib/gcc/:/mnt/c/Users/11198/Documents/C++_libs/arm-rockchip830-linux-uclibcgnueabihf-master/bin/../lib/gcc/arm-rockchip830-linux-uclibcgnueabihf/8.3.0/../../../../arm-rockchip830-linux-uclibcgnueabihf/lib/:/mnt/c/Users/11198/Documents/C++_libs/arm-rockchip830-linux-uclibcgnueabihf-master/bin/../arm-rockchip830-linux-uclibcgnueabihf/sysroot/lib/:/mnt/c/Users/11198/Documents/C++_libs/arm-rockchip830-linux-uclibcgnueabihf-master/bin/../arm-rockchip830-linux-uclibcgnueabihf/sysroot/usr/lib/]
  ignore line: [COLLECT_GCC_OPTIONS='-v' '-o' 'cmTC_323eb'  '-mfloat-abi=hard' '-mfpu=neon-vfpv4' '-mtls-dialect=gnu' '-marm' '-march=armv7-a+neon-vfpv4']
  link line: [ /mnt/c/Users/11198/Documents/C++_libs/arm-rockchip830-linux-uclibcgnueabihf-master/bin/../libexec/gcc/arm-rockchip830-linux-uclibcgnueabihf/8.3.0/collect2 -plugin /mnt/c/Users/11198/Documents/C++_libs/arm-rockchip830-linux-uclibcgnueabihf-master/bin/../libexec/gcc/arm-rockchip830-linux-uclibcgnueabihf/8.3.0/liblto_plugin.so -plugin-opt=/mnt/c/Users/11198/Documents/C++_libs/arm-rockchip830-linux-uclibcgnueabihf-master/bin/../libexec/gcc/arm-rockchip830-linux-uclibcgnueabihf/8.3.0/lto-wrapper -plugin-opt=-fresolution=/tmp/ccFt8XrQ.res -plugin-opt=-pass-through=-lgcc -plugin-opt=-pass-through=-lgcc_s -plugin-opt=-pass-through=-lc -plugin-opt=-pass-through=-lgcc -plugin-opt=-pass-through=-lgcc_s --sysroot=/mnt/c/Users/11198/Documents/C++_libs/arm-rockchip830-linux-uclibcgnueabihf-master/bin/../arm-rockchip830-linux-uclibcgnueabihf/sysroot --eh-frame-hdr -dynamic-linker /lib/ld-uClibc.so.0 -X -m armelf_linux_eabi -o cmTC_323eb /mnt/c/Users/11198/Documents/C++_libs/arm-rockchip830-linux-uclibcgnueabihf-master/bin/../arm-rockchip830-linux-uclibcgnueabihf/sysroot/usr/lib/crt1.o /mnt/c/Users/11198/Documents/C++_libs/arm-rockchip830-linux-uclibcgnueabihf-master/bin/../arm-rockchip830-linux-uclibcgnueabihf/sysroot/usr/lib/crti.o /mnt/c/Users/11198/Documents/C++_libs/arm-rockchip830-linux-uclibcgnueabihf-master/bin/../lib/gcc/arm-rockchip830-linux-uclibcgnueabihf/8.3.0/crtbegin.o -L/mnt/c/Users/11198/Documents/C++_libs/arm-rockchip830-linux-uclibcgnueabihf-master/bin/../lib/gcc/arm-rockchip830-linux-uclibcgnueabihf/8.3.0 -L/mnt/c/Users/11198/Documents/C++_libs/arm-rockchip830-linux-uclibcgnueabihf-master/bin/../lib/gcc -L/mnt/c/Users/11198/Documents/C++_libs/arm-rockchip830-linux-uclibcgnueabihf-master/bin/../lib/gcc/arm-rockchip830-linux-uclibcgnueabihf/8.3.0/../../../../arm-rockchip830-linux-uclibcgnueabihf/lib -L/mnt/c/Users/11198/Documents/C++_libs/arm-rockchip830-linux-uclibcgnueabihf-master/bin/../arm-rockchip830-linux-uclibcgnueabihf/sysroot/lib -L/mnt/c/Users/11198/Documents/C++_libs/arm-rockchip830-linux-uclibcgnueabihf-master/bin/../arm-rockchip830-linux-uclibcgnueabihf/sysroot/usr/lib CMakeFiles/cmTC_323eb.dir/CMakeCCompilerABI.c.o -lgcc --as-needed -lgcc_s --no-as-needed -lc -lgcc --as-needed -lgcc_s --no-as-needed /mnt/c/Users/11198/Documents/C++_libs/arm-rockchip830-linux-uclibcgnueabihf-master/bin/../lib/gcc/arm-rockchip830-linux-uclibcgnueabihf/8.3.0/crtend.o /mnt/c/Users/11198/Documents/C++_libs/arm-rockchip830-linux-uclibcgnueabihf-master/bin/../arm-rockchip830-linux-uclibcgnueabihf/sysroot/usr/lib/crtn.o]
    arg [/mnt/c/Users/11198/Documents/C++_libs/arm-rockchip830-linux-uclibcgnueabihf-master/bin/../libexec/gcc/arm-rockchip830-linux-uclibcgnueabihf/8.3.0/collect2] ==> ignore
    arg [-plugin] ==> ignore
    arg [/mnt/c/Users/11198/Documents/C++_libs/arm-rockchip830-linux-uclibcgnueabihf-master/bin/../libexec/gcc/arm-rockchip830-linux-uclibcgnueabihf/8.3.0/liblto_plugin.so] ==> ignore
    arg [-plugin-opt=/mnt/c/Users/11198/Documents/C++_libs/arm-rockchip830-linux-uclibcgnueabihf-master/bin/../libexec/gcc/arm-rockchip830-linux-uclibcgnueabihf/8.3.0/lto-wrapper] ==> ignore
    arg [-plugin-opt=-fresolution=/tmp/ccFt8XrQ.res] ==> ignore
    arg [-plugin-opt=-pass-through=-lgcc] ==> ignore
    arg [-plugin-opt=-pass-through=-lgcc_s] ==> ignore
    arg [-plugin-opt=-pass-through=-lc] ==> ignore
    arg [-plugin-opt=-pass-through=-lgcc] ==> ignore
    arg [-plugin-opt=-pass-through=-lgcc_s] ==> ignore
    arg [--sysroot=/mnt/c/Users/11198/Documents/C++_libs/arm-rockchip830-linux-uclibcgnueabihf-master/bin/../arm-rockchip830-linux-uclibcgnueabihf/sysroot] ==> ignore
    arg [--eh-frame-hdr] ==> ignore
    arg [-dynamic-linker] ==> ignore
    arg [/lib/ld-uClibc.so.0] ==> ignore
    arg [-X] ==> ignore
    arg [-m] ==> ignore
    arg [armelf_linux_eabi] ==> ignore
    arg [-o] ==> ignore
    arg [cmTC_323eb] ==> ignore
    arg [/mnt/c/Users/11198/Documents/C++_libs/arm-rockchip830-linux-uclibcgnueabihf-master/bin/../arm-rockchip830-linux-uclibcgnueabihf/sysroot/usr/lib/crt1.o] ==> obj [/mnt/c/Users/11198/Documents/C++_libs/arm-rockchip830-linux-uclibcgnueabihf-master/bin/../arm-rockchip830-linux-uclibcgnueabihf/sysroot/usr/lib/crt1.o]
    arg [/mnt/c/Users/11198/Documents/C++_libs/arm-rockchip830-linux-uclibcgnueabihf-master/bin/../arm-rockchip830-linux-uclibcgnueabihf/sysroot/usr/lib/crti.o] ==> obj [/mnt/c/Users/11198/Documents/C++_libs/arm-rockchip830-linux-uclibcgnueabihf-master/bin/../arm-rockchip830-linux-uclibcgnueabihf/sysroot/usr/lib/crti.o]
    arg [/mnt/c/Users/11198/Documents/C++_libs/arm-rockchip830-linux-uclibcgnueabihf-master/bin/../lib/gcc/arm-rockchip830-linux-uclibcgnueabihf/8.3.0/crtbegin.o] ==> obj [/mnt/c/Users/11198/Documents/C++_libs/arm-rockchip830-linux-uclibcgnueabihf-master/bin/../lib/gcc/arm-rockchip830-linux-uclibcgnueabihf/8.3.0/crtbegin.o]
    arg [-L/mnt/c/Users/11198/Documents/C++_libs/arm-rockchip830-linux-uclibcgnueabihf-master/bin/../lib/gcc/arm-rockchip830-linux-uclibcgnueabihf/8.3.0] ==> dir [/mnt/c/Users/11198/Documents/C++_libs/arm-rockchip830-linux-uclibcgnueabihf-master/bin/../lib/gcc/arm-rockchip830-linux-uclibcgnueabihf/8.3.0]
    arg [-L/mnt/c/Users/11198/Documents/C++_libs/arm-rockchip830-linux-uclibcgnueabihf-master/bin/../lib/gcc] ==> dir [/mnt/c/Users/11198/Documents/C++_libs/arm-rockchip830-linux-uclibcgnueabihf-master/bin/../lib/gcc]
    arg [-L/mnt/c/Users/11198/Documents/C++_libs/arm-rockchip830-linux-uclibcgnueabihf-master/bin/../lib/gcc/arm-rockchip830-linux-uclibcgnueabihf/8.3.0/../../../../arm-rockchip830-linux-uclibcgnueabihf/lib] ==> dir [/mnt/c/Users/11198/Documents/C++_libs/arm-rockchip830-linux-uclibcgnueabihf-master/bin/../lib/gcc/arm-rockchip830-linux-uclibcgnueabihf/8.3.0/../../../../arm-rockchip830-linux-uclibcgnueabihf/lib]
    arg [-L/mnt/c/Users/11198/Documents/C++_libs/arm-rockchip830-linux-uclibcgnueabihf-master/bin/../arm-rockchip830-linux-uclibcgnueabihf/sysroot/lib] ==> dir [/mnt/c/Users/11198/Documents/C++_libs/arm-rockchip830-linux-uclibcgnueabihf-master/bin/../arm-rockchip830-linux-uclibcgnueabihf/sysroot/lib]
    arg [-L/mnt/c/Users/11198/Documents/C++_libs/arm-rockchip830-linux-uclibcgnueabihf-master/bin/../arm-rockchip830-linux-uclibcgnueabihf/sysroot/usr/lib] ==> dir [/mnt/c/Users/11198/Documents/C++_libs/arm-rockchip830-linux-uclibcgnueabihf-master/bin/../arm-rockchip830-linux-uclibcgnueabihf/sysroot/usr/lib]
    arg [CMakeFiles/cmTC_323eb.dir/CMakeCCompilerABI.c.o] ==> ignore
    arg [-lgcc] ==> lib [gcc]
    arg [--as-needed] ==> ignore
    arg [-lgcc_s] ==> lib [gcc_s]
    arg [--no-as-needed] ==> ignore
    arg [-lc] ==> lib [c]
    arg [-lgcc] ==> lib [gcc]
    arg [--as-needed] ==> ignore
    arg [-lgcc_s] ==> lib [gcc_s]
    arg [--no-as-needed] ==> ignore
    arg [/mnt/c/Users/11198/Documents/C++_libs/arm-rockchip830-linux-uclibcgnueabihf-master/bin/../lib/gcc/arm-rockchip830-linux-uclibcgnueabihf/8.3.0/crtend.o] ==> obj [/mnt/c/Users/11198/Documents/C++_libs/arm-rockchip830-linux-uclibcgnueabihf-master/bin/../lib/gcc/arm-rockchip830-linux-uclibcgnueabihf/8.3.0/crtend.o]
    arg [/mnt/c/Users/11198/Documents/C++_libs/arm-rockchip830-linux-uclibcgnueabihf-master/bin/../arm-rockchip830-linux-uclibcgnueabihf/sysroot/usr/lib/crtn.o] ==> obj [/mnt/c/Users/11198/Documents/C++_libs/arm-rockchip830-linux-uclibcgnueabihf-master/bin/../arm-rockchip830-linux-uclibcgnueabihf/sysroot/usr/lib/crtn.o]
  collapse obj [/mnt/c/Users/11198/Documents/C++_libs/arm-rockchip830-linux-uclibcgnueabihf-master/bin/../arm-rockchip830-linux-uclibcgnueabihf/sysroot/usr/lib/crt1.o] ==> [/mnt/c/Users/11198/Documents/C++_libs/arm-rockchip830-linux-uclibcgnueabihf-master/arm-rockchip830-linux-uclibcgnueabihf/sysroot/usr/lib/crt1.o]
  collapse obj [/mnt/c/Users/11198/Documents/C++_libs/arm-rockchip830-linux-uclibcgnueabihf-master/bin/../arm-rockchip830-linux-uclibcgnueabihf/sysroot/usr/lib/crti.o] ==> [/mnt/c/Users/11198/Documents/C++_libs/arm-rockchip830-linux-uclibcgnueabihf-master/arm-rockchip830-linux-uclibcgnueabihf/sysroot/usr/lib/crti.o]
  collapse obj [/mnt/c/Users/11198/Documents/C++_libs/arm-rockchip830-linux-uclibcgnueabihf-master/bin/../lib/gcc/arm-rockchip830-linux-uclibcgnueabihf/8.3.0/crtbegin.o] ==> [/mnt/c/Users/11198/Documents/C++_libs/arm-rockchip830-linux-uclibcgnueabihf-master/lib/gcc/arm-rockchip830-linux-uclibcgnueabihf/8.3.0/crtbegin.o]
  collapse obj [/mnt/c/Users/11198/Documents/C++_libs/arm-rockchip830-linux-uclibcgnueabihf-master/bin/../lib/gcc/arm-rockchip830-linux-uclibcgnueabihf/8.3.0/crtend.o] ==> [/mnt/c/Users/11198/Documents/C++_libs/arm-rockchip830-linux-uclibcgnueabihf-master/lib/gcc/arm-rockchip830-linux-uclibcgnueabihf/8.3.0/crtend.o]
  collapse obj [/mnt/c/Users/11198/Documents/C++_libs/arm-rockchip830-linux-uclibcgnueabihf-master/bin/../arm-rockchip830-linux-uclibcgnueabihf/sysroot/usr/lib/crtn.o] ==> [/mnt/c/Users/11198/Documents/C++_libs/arm-rockchip830-linux-uclibcgnueabihf-master/arm-rockchip830-linux-uclibcgnueabihf/sysroot/usr/lib/crtn.o]
  collapse library dir [/mnt/c/Users/11198/Documents/C++_libs/arm-rockchip830-linux-uclibcgnueabihf-master/bin/../lib/gcc/arm-rockchip830-linux-uclibcgnueabihf/8.3.0] ==> [/mnt/c/Users/11198/Documents/C++_libs/arm-rockchip830-linux-uclibcgnueabihf-master/lib/gcc/arm-rockchip830-linux-uclibcgnueabihf/8.3.0]
  collapse library dir [/mnt/c/Users/11198/Documents/C++_libs/arm-rockchip830-linux-uclibcgnueabihf-master/bin/../lib/gcc] ==> [/mnt/c/Users/11198/Documents/C++_libs/arm-rockchip830-linux-uclibcgnueabihf-master/lib/gcc]
  collapse library dir [/mnt/c/Users/11198/Documents/C++_libs/arm-rockchip830-linux-uclibcgnueabihf-master/bin/../lib/gcc/arm-rockchip830-linux-uclibcgnueabihf/8.3.0/../../../../arm-rockchip830-linux-uclibcgnueabihf/lib] ==> [/mnt/c/Users/11198/Documents/C++_libs/arm-rockchip830-linux-uclibcgnueabihf-master/arm-rockchip830-linux-uclibcgnueabihf/lib]
  collapse library dir [/mnt/c/Users/11198/Documents/C++_libs/arm-rockchip830-linux-uclibcgnueabihf-master/bin/../arm-rockchip830-linux-uclibcgnueabihf/sysroot/lib] ==> [/mnt/c/Users/11198/Documents/C++_libs/arm-rockchip830-linux-uclibcgnueabihf-master/arm-rockchip830-linux-uclibcgnueabihf/sysroot/lib]
  collapse library dir [/mnt/c/Users/11198/Documents/C++_libs/arm-rockchip830-linux-uclibcgnueabihf-master/bin/../arm-rockchip830-linux-uclibcgnueabihf/sysroot/usr/lib] ==> [/mnt/c/Users/11198/Documents/C++_libs/arm-rockchip830-linux-uclibcgnueabihf-master/arm-rockchip830-linux-uclibcgnueabihf/sysroot/usr/lib]
  implicit libs: [gcc;gcc_s;c;gcc;gcc_s]
  implicit objs: [/mnt/c/Users/11198/Documents/C++_libs/arm-rockchip830-linux-uclibcgnueabihf-master/arm-rockchip830-linux-uclibcgnueabihf/sysroot/usr/lib/crt1.o;/mnt/c/Users/11198/Documents/C++_libs/arm-rockchip830-linux-uclibcgnueabihf-master/arm-rockchip830-linux-uclibcgnueabihf/sysroot/usr/lib/crti.o;/mnt/c/Users/11198/Documents/C++_libs/arm-rockchip830-linux-uclibcgnueabihf-master/lib/gcc/arm-rockchip830-linux-uclibcgnueabihf/8.3.0/crtbegin.o;/mnt/c/Users/11198/Documents/C++_libs/arm-rockchip830-linux-uclibcgnueabihf-master/lib/gcc/arm-rockchip830-linux-uclibcgnueabihf/8.3.0/crtend.o;/mnt/c/Users/11198/Documents/C++_libs/arm-rockchip830-linux-uclibcgnueabihf-master/arm-rockchip830-linux-uclibcgnueabihf/sysroot/usr/lib/crtn.o]
  implicit dirs: [/mnt/c/Users/11198/Documents/C++_libs/arm-rockchip830-linux-uclibcgnueabihf-master/lib/gcc/arm-rockchip830-linux-uclibcgnueabihf/8.3.0;/mnt/c/Users/11198/Documents/C++_libs/arm-rockchip830-linux-uclibcgnueabihf-master/lib/gcc;/mnt/c/Users/11198/Documents/C++_libs/arm-rockchip830-linux-uclibcgnueabihf-master/arm-rockchip830-linux-uclibcgnueabihf/lib;/mnt/c/Users/11198/Documents/C++_libs/arm-rockchip830-linux-uclibcgnueabihf-master/arm-rockchip830-linux-uclibcgnueabihf/sysroot/lib;/mnt/c/Users/11198/Documents/C++_libs/arm-rockchip830-linux-uclibcgnueabihf-master/arm-rockchip830-linux-uclibcgnueabihf/sysroot/usr/lib]
  implicit fwks: []


Detecting CXX compiler ABI info compiled with the following output:
Change Dir: /mnt/c/Users/11198/Documents/RV1103_demo/test_demo/rknn_model_zoo-2.3.2/build/build_rknn_yolov5_demo_rv1106_linux_armhf_Release/CMakeFiles/CMakeTmp

Run Build Command(s):/usr/bin/gmake -f Makefile cmTC_673f0/fast && /usr/bin/gmake  -f CMakeFiles/cmTC_673f0.dir/build.make CMakeFiles/cmTC_673f0.dir/build
gmake[1]: Entering directory '/mnt/c/Users/11198/Documents/RV1103_demo/test_demo/rknn_model_zoo-2.3.2/build/build_rknn_yolov5_demo_rv1106_linux_armhf_Release/CMakeFiles/CMakeTmp'
Building CXX object CMakeFiles/cmTC_673f0.dir/CMakeCXXCompilerABI.cpp.o
/mnt/c/Users/11198/Documents/C++_libs/arm-rockchip830-linux-uclibcgnueabihf-master/bin/arm-rockchip830-linux-uclibcgnueabihf-g++   -v -std=gnu++17 -o CMakeFiles/cmTC_673f0.dir/CMakeCXXCompilerABI.cpp.o -c /usr/share/cmake-3.22/Modules/CMakeCXXCompilerABI.cpp
Using built-in specs.
COLLECT_GCC=/mnt/c/Users/11198/Documents/C++_libs/arm-rockchip830-linux-uclibcgnueabihf-master/bin/arm-rockchip830-linux-uclibcgnueabihf-g++
Target: arm-rockchip830-linux-uclibcgnueabihf
Configured with: /opt/.build/arm-rockchip830-linux-uclibcgnueabihf/src/gcc/configure --build=x86_64-build_pc-linux-gnu --host=x86_64-build_pc-linux-gnu --target=arm-rockchip830-linux-uclibcgnueabihf --prefix=/opt/x-tool/arm-rockchip830-linux-uclibcgnueabihf --with-sysroot=/opt/x-tool/arm-rockchip830-linux-uclibcgnueabihf/arm-rockchip830-linux-uclibcgnueabihf/sysroot --enable-languages=c,c++ --with-arch=armv7-a --with-fpu=neon-vfpv4 --with-float=hard --with-pkgversion='crosstool-NG 1.24.0' --enable-__cxa_atexit --disable-libmudflap --disable-libgomp --disable-libssp --disable-libquadmath --disable-libquadmath-support --disable-libsanitizer --disable-libmpx --with-gmp=/opt/.build/arm-rockchip830-linux-uclibcgnueabihf/buildtools --with-mpfr=/opt/.build/arm-rockchip830-linux-uclibcgnueabihf/buildtools --with-mpc=/opt/.build/arm-rockchip830-linux-uclibcgnueabihf/buildtools --with-isl=/opt/.build/arm-rockchip830-linux-uclibcgnueabihf/buildtools --enable-lto --with-host-libstdcxx='-static-libgcc -Wl,-Bstatic,-lstdc++,-Bdynamic -lm' --enable-threads=posix --enable-target-optspace --enable-plugin --enable-gold --disable-nls --disable-multilib --with-local-prefix=/opt/x-tool/arm-rockchip830-linux-uclibcgnueabihf/arm-rockchip830-linux-uclibcgnueabihf/sysroot --enable-long-long
Thread model: posix
gcc version 8.3.0 (crosstool-NG 1.24.0) 
COLLECT_GCC_OPTIONS='-v' '-std=gnu++17' '-o' 'CMakeFiles/cmTC_673f0.dir/CMakeCXXCompilerABI.cpp.o' '-c' '-shared-libgcc'  '-mfloat-abi=hard' '-mfpu=neon-vfpv4' '-mtls-dialect=gnu' '-marm' '-march=armv7-a+neon-vfpv4'
 /mnt/c/Users/11198/Documents/C++_libs/arm-rockchip830-linux-uclibcgnueabihf-master/bin/../libexec/gcc/arm-rockchip830-linux-uclibcgnueabihf/8.3.0/cc1plus -quiet -v -iprefix /mnt/c/Users/11198/Documents/C++_libs/arm-rockchip830-linux-uclibcgnueabihf-master/bin/../lib/gcc/arm-rockchip830-linux-uclibcgnueabihf/8.3.0/ -isysroot /mnt/c/Users/11198/Documents/C++_libs/arm-rockchip830-linux-uclibcgnueabihf-master/bin/../arm-rockchip830-linux-uclibcgnueabihf/sysroot -D_GNU_SOURCE /usr/share/cmake-3.22/Modules/CMakeCXXCompilerABI.cpp -quiet -dumpbase CMakeCXXCompilerABI.cpp -mfloat-abi=hard -mfpu=neon-vfpv4 -mtls-dialect=gnu -marm -march=armv7-a+neon-vfpv4 -auxbase-strip CMakeFiles/cmTC_673f0.dir/CMakeCXXCompilerABI.cpp.o -std=gnu++17 -version -o /tmp/ccAKD6kY.s
GNU C++17 (crosstool-NG 1.24.0) version 8.3.0 (arm-rockchip830-linux-uclibcgnueabihf)
	compiled by GNU C version 5.4.0 20160609, GMP version 6.1.2, MPFR version 4.0.2, MPC version 1.1.0, isl version isl-0.24-GMP

GGC heuristics: --param ggc-min-expand=100 --param ggc-min-heapsize=131072
ignoring duplicate directory "/mnt/c/Users/11198/Documents/C++_libs/arm-rockchip830-linux-uclibcgnueabihf-master/bin/../lib/gcc/../../lib/gcc/arm-rockchip830-linux-uclibcgnueabihf/8.3.0/../../../../arm-rockchip830-linux-uclibcgnueabihf/include/c++/8.3.0"
ignoring duplicate directory "/mnt/c/Users/11198/Documents/C++_libs/arm-rockchip830-linux-uclibcgnueabihf-master/bin/../lib/gcc/../../lib/gcc/arm-rockchip830-linux-uclibcgnueabihf/8.3.0/../../../../arm-rockchip830-linux-uclibcgnueabihf/include/c++/8.3.0/arm-rockchip830-linux-uclibcgnueabihf"
ignoring duplicate directory "/mnt/c/Users/11198/Documents/C++_libs/arm-rockchip830-linux-uclibcgnueabihf-master/bin/../lib/gcc/../../lib/gcc/arm-rockchip830-linux-uclibcgnueabihf/8.3.0/../../../../arm-rockchip830-linux-uclibcgnueabihf/include/c++/8.3.0/backward"
ignoring duplicate directory "/mnt/c/Users/11198/Documents/C++_libs/arm-rockchip830-linux-uclibcgnueabihf-master/bin/../lib/gcc/../../lib/gcc/arm-rockchip830-linux-uclibcgnueabihf/8.3.0/include"
ignoring nonexistent directory "/mnt/c/Users/11198/Documents/C++_libs/arm-rockchip830-linux-uclibcgnueabihf-master/bin/../arm-rockchip830-linux-uclibcgnueabihf/sysroot/opt/x-tool/arm-rockchip830-linux-uclibcgnueabihf/arm-rockchip830-linux-uclibcgnueabihf/sysroot/include"
ignoring duplicate directory "/mnt/c/Users/11198/Documents/C++_libs/arm-rockchip830-linux-uclibcgnueabihf-master/bin/../lib/gcc/../../lib/gcc/arm-rockchip830-linux-uclibcgnueabihf/8.3.0/include-fixed"
ignoring duplicate directory "/mnt/c/Users/11198/Documents/C++_libs/arm-rockchip830-linux-uclibcgnueabihf-master/bin/../lib/gcc/../../lib/gcc/arm-rockchip830-linux-uclibcgnueabihf/8.3.0/../../../../arm-rockchip830-linux-uclibcgnueabihf/include"
#include "..." search starts here:
#include <...> search starts here:
 /mnt/c/Users/11198/Documents/C++_libs/arm-rockchip830-linux-uclibcgnueabihf-master/bin/../lib/gcc/arm-rockchip830-linux-uclibcgnueabihf/8.3.0/../../../../arm-rockchip830-linux-uclibcgnueabihf/include/c++/8.3.0
 /mnt/c/Users/11198/Documents/C++_libs/arm-rockchip830-linux-uclibcgnueabihf-master/bin/../lib/gcc/arm-rockchip830-linux-uclibcgnueabihf/8.3.0/../../../../arm-rockchip830-linux-uclibcgnueabihf/include/c++/8.3.0/arm-rockchip830-linux-uclibcgnueabihf
 /mnt/c/Users/11198/Documents/C++_libs/arm-rockchip830-linux-uclibcgnueabihf-master/bin/../lib/gcc/arm-rockchip830-linux-uclibcgnueabihf/8.3.0/../../../../arm-rockchip830-linux-uclibcgnueabihf/include/c++/8.3.0/backward
 /mnt/c/Users/11198/Documents/C++_libs/arm-rockchip830-linux-uclibcgnueabihf-master/bin/../lib/gcc/arm-rockchip830-linux-uclibcgnueabihf/8.3.0/include
 /mnt/c/Users/11198/Documents/C++_libs/arm-rockchip830-linux-uclibcgnueabihf-master/bin/../lib/gcc/arm-rockchip830-linux-uclibcgnueabihf/8.3.0/include-fixed
 /mnt/c/Users/11198/Documents/C++_libs/arm-rockchip830-linux-uclibcgnueabihf-master/bin/../lib/gcc/arm-rockchip830-linux-uclibcgnueabihf/8.3.0/../../../../arm-rockchip830-linux-uclibcgnueabihf/include
 /mnt/c/Users/11198/Documents/C++_libs/arm-rockchip830-linux-uclibcgnueabihf-master/bin/../arm-rockchip830-linux-uclibcgnueabihf/sysroot/usr/include
End of search list.
GNU C++17 (crosstool-NG 1.24.0) version 8.3.0 (arm-rockchip830-linux-uclibcgnueabihf)
	compiled by GNU C version 5.4.0 20160609, GMP version 6.1.2, MPFR version 4.0.2, MPC version 1.1.0, isl version isl-0.24-GMP

GGC heuristics: --param ggc-min-expand=100 --param ggc-min-heapsize=131072
Compiler executable checksum: d5c264ef54524d60c06e4776bc6f681b
COLLECT_GCC_OPTIONS='-v' '-std=gnu++17' '-o' 'CMakeFiles/cmTC_673f0.dir/CMakeCXXCompilerABI.cpp.o' '-c' '-shared-libgcc'  '-mfloat-abi=hard' '-mfpu=neon-vfpv4' '-mtls-dialect=gnu' '-marm' '-march=armv7-a+neon-vfpv4'
 /mnt/c/Users/11198/Documents/C++_libs/arm-rockchip830-linux-uclibcgnueabihf-master/bin/../lib/gcc/arm-rockchip830-linux-uclibcgnueabihf/8.3.0/../../../../arm-rockchip830-linux-uclibcgnueabihf/bin/as -v -march=armv7-a -mfloat-abi=hard -mfpu=neon-vfpv4 -meabi=5 -o CMakeFiles/cmTC_673f0.dir/CMakeCXXCompilerABI.cpp.o /tmp/ccAKD6kY.s
GNU assembler version 2.32 (arm-rockchip830-linux-uclibcgnueabihf) using BFD version (crosstool-NG 1.24.0) 2.32
COMPILER_PATH=/mnt/c/Users/11198/Documents/C++_libs/arm-rockchip830-linux-uclibcgnueabihf-master/bin/../libexec/gcc/arm-rockchip830-linux-uclibcgnueabihf/8.3.0/:/mnt/c/Users/11198/Documents/C++_libs/arm-rockchip830-linux-uclibcgnueabihf-master/bin/../libexec/gcc/:/mnt/c/Users/11198/Documents/C++_libs/arm-rockchip830-linux-uclibcgnueabihf-master/bin/../lib/gcc/arm-rockchip830-linux-uclibcgnueabihf/8.3.0/../../../../arm-rockchip830-linux-uclibcgnueabihf/bin/
LIBRARY_PATH=/mnt/c/Users/11198/Documents/C++_libs/arm-rockchip830-linux-uclibcgnueabihf-master/bin/../lib/gcc/arm-rockchip830-linux-uclibcgnueabihf/8.3.0/:/mnt/c/Users/11198/Documents/C++_libs/arm-rockchip830-linux-uclibcgnueabihf-master/bin/../lib/gcc/:/mnt/c/Users/11198/Documents/C++_libs/arm-rockchip830-linux-uclibcgnueabihf-master/bin/../lib/gcc/arm-rockchip830-linux-uclibcgnueabihf/8.3.0/../../../../arm-rockchip830-linux-uclibcgnueabihf/lib/:/mnt/c/Users/11198/Documents/C++_libs/arm-rockchip830-linux-uclibcgnueabihf-master/bin/../arm-rockchip830-linux-uclibcgnueabihf/sysroot/lib/:/mnt/c/Users/11198/Documents/C++_libs/arm-rockchip830-linux-uclibcgnueabihf-master/bin/../arm-rockchip830-linux-uclibcgnueabihf/sysroot/usr/lib/
COLLECT_GCC_OPTIONS='-v' '-std=gnu++17' '-o' 'CMakeFiles/cmTC_673f0.dir/CMakeCXXCompilerABI.cpp.o' '-c' '-shared-libgcc'  '-mfloat-abi=hard' '-mfpu=neon-vfpv4' '-mtls-dialect=gnu' '-marm' '-march=armv7-a+neon-vfpv4'
Linking CXX executable cmTC_673f0
/usr/bin/cmake -E cmake_link_script CMakeFiles/cmTC_673f0.dir/link.txt --verbose=1
/mnt/c/Users/11198/Documents/C++_libs/arm-rockchip830-linux-uclibcgnueabihf-master/bin/arm-rockchip830-linux-uclibcgnueabihf-g++  -v CMakeFiles/cmTC_673f0.dir/CMakeCXXCompilerABI.cpp.o -o cmTC_673f0 
Using built-in specs.
COLLECT_GCC=/mnt/c/Users/11198/Documents/C++_libs/arm-rockchip830-linux-uclibcgnueabihf-master/bin/arm-rockchip830-linux-uclibcgnueabihf-g++
COLLECT_LTO_WRAPPER=/mnt/c/Users/11198/Documents/C++_libs/arm-rockchip830-linux-uclibcgnueabihf-master/bin/../libexec/gcc/arm-rockchip830-linux-uclibcgnueabihf/8.3.0/lto-wrapper
Target: arm-rockchip830-linux-uclibcgnueabihf
Configured with: /opt/.build/arm-rockchip830-linux-uclibcgnueabihf/src/gcc/configure --build=x86_64-build_pc-linux-gnu --host=x86_64-build_pc-linux-gnu --target=arm-rockchip830-linux-uclibcgnueabihf --prefix=/opt/x-tool/arm-rockchip830-linux-uclibcgnueabihf --with-sysroot=/opt/x-tool/arm-rockchip830-linux-uclibcgnueabihf/arm-rockchip830-linux-uclibcgnueabihf/sysroot --enable-languages=c,c++ --with-arch=armv7-a --with-fpu=neon-vfpv4 --with-float=hard --with-pkgversion='crosstool-NG 1.24.0' --enable-__cxa_atexit --disable-libmudflap --disable-libgomp --disable-libssp --disable-libquadmath --disable-libquadmath-support --disable-libsanitizer --disable-libmpx --with-gmp=/opt/.build/arm-rockchip830-linux-uclibcgnueabihf/buildtools --with-mpfr=/opt/.build/arm-rockchip830-linux-uclibcgnueabihf/buildtools --with-mpc=/opt/.build/arm-rockchip830-linux-uclibcgnueabihf/buildtools --with-isl=/opt/.build/arm-rockchip830-linux-uclibcgnueabihf/buildtools --enable-lto --with-host-libstdcxx='-static-libgcc -Wl,-Bstatic,-lstdc++,-Bdynamic -lm' --enable-threads=posix --enable-target-optspace --enable-plugin --enable-gold --disable-nls --disable-multilib --with-local-prefix=/opt/x-tool/arm-rockchip830-linux-uclibcgnueabihf/arm-rockchip830-linux-uclibcgnueabihf/sysroot --enable-long-long
Thread model: posix
gcc version 8.3.0 (crosstool-NG 1.24.0) 
COMPILER_PATH=/mnt/c/Users/11198/Documents/C++_libs/arm-rockchip830-linux-uclibcgnueabihf-master/bin/../libexec/gcc/arm-rockchip830-linux-uclibcgnueabihf/8.3.0/:/mnt/c/Users/11198/Documents/C++_libs/arm-rockchip830-linux-uclibcgnueabihf-master/bin/../libexec/gcc/:/mnt/c/Users/11198/Documents/C++_libs/arm-rockchip830-linux-uclibcgnueabihf-master/bin/../lib/gcc/arm-rockchip830-linux-uclibcgnueabihf/8.3.0/../../../../arm-rockchip830-linux-uclibcgnueabihf/bin/
LIBRARY_PATH=/mnt/c/Users/11198/Documents/C++_libs/arm-rockchip830-linux-uclibcgnueabihf-master/bin/../lib/gcc/arm-rockchip830-linux-uclibcgnueabihf/8.3.0/:/mnt/c/Users/11198/Documents/C++_libs/arm-rockchip830-linux-uclibcgnueabihf-master/bin/../lib/gcc/:/mnt/c/Users/11198/Documents/C++_libs/arm-rockchip830-linux-uclibcgnueabihf-master/bin/../lib/gcc/arm-rockchip830-linux-uclibcgnueabihf/8.3.0/../../../../arm-rockchip830-linux-uclibcgnueabihf/lib/:/mnt/c/Users/11198/Documents/C++_libs/arm-rockchip830-linux-uclibcgnueabihf-master/bin/../arm-rockchip830-linux-uclibcgnueabihf/sysroot/lib/:/mnt/c/Users/11198/Documents/C++_libs/arm-rockchip830-linux-uclibcgnueabihf-master/bin/../arm-rockchip830-linux-uclibcgnueabihf/sysroot/usr/lib/
COLLECT_GCC_OPTIONS='-v' '-o' 'cmTC_673f0' '-shared-libgcc'  '-mfloat-abi=hard' '-mfpu=neon-vfpv4' '-mtls-dialect=gnu' '-marm' '-march=armv7-a+neon-vfpv4'
 /mnt/c/Users/11198/Documents/C++_libs/arm-rockchip830-linux-uclibcgnueabihf-master/bin/../libexec/gcc/arm-rockchip830-linux-uclibcgnueabihf/8.3.0/collect2 -plugin /mnt/c/Users/11198/Documents/C++_libs/arm-rockchip830-linux-uclibcgnueabihf-master/bin/../libexec/gcc/arm-rockchip830-linux-uclibcgnueabihf/8.3.0/liblto_plugin.so -plugin-opt=/mnt/c/Users/11198/Documents/C++_libs/arm-rockchip830-linux-uclibcgnueabihf-master/bin/../libexec/gcc/arm-rockchip830-linux-uclibcgnueabihf/8.3.0/lto-wrapper -plugin-opt=-fresolution=/tmp/ccOFMo5L.res -plugin-opt=-pass-through=-lgcc_s -plugin-opt=-pass-through=-lgcc -plugin-opt=-pass-through=-lc -plugin-opt=-pass-through=-lgcc_s -plugin-opt=-pass-through=-lgcc --sysroot=/mnt/c/Users/11198/Documents/C++_libs/arm-rockchip830-linux-uclibcgnueabihf-master/bin/../arm-rockchip830-linux-uclibcgnueabihf/sysroot --eh-frame-hdr -dynamic-linker /lib/ld-uClibc.so.0 -X -m armelf_linux_eabi -o cmTC_673f0 /mnt/c/Users/11198/Documents/C++_libs/arm-rockchip830-linux-uclibcgnueabihf-master/bin/../arm-rockchip830-linux-uclibcgnueabihf/sysroot/usr/lib/crt1.o /mnt/c/Users/11198/Documents/C++_libs/arm-rockchip830-linux-uclibcgnueabihf-master/bin/../arm-rockchip830-linux-uclibcgnueabihf/sysroot/usr/lib/crti.o /mnt/c/Users/11198/Documents/C++_libs/arm-rockchip830-linux-uclibcgnueabihf-master/bin/../lib/gcc/arm-rockchip830-linux-uclibcgnueabihf/8.3.0/crtbegin.o -L/mnt/c/Users/11198/Documents/C++_libs/arm-rockchip830-linux-uclibcgnueabihf-master/bin/../lib/gcc/arm-rockchip830-linux-uclibcgnueabihf/8.3.0 -L/mnt/c/Users/11198/Documents/C++_libs/arm-rockchip830-linux-uclibcgnueabihf-master/bin/../lib/gcc -L/mnt/c/Users/11198/Documents/C++_libs/arm-rockchip830-linux-uclibcgnueabihf-master/bin/../lib/gcc/arm-rockchip830-linux-uclibcgnueabihf/8.3.0/../../../../arm-rockchip830-linux-uclibcgnueabihf/lib -L/mnt/c/Users/11198/Documents/C++_libs/arm-rockchip830-linux-uclibcgnueabihf-master/bin/../arm-rockchip830-linux-uclibcgnueabihf/sysroot/lib -L/mnt/c/Users/11198/Documents/C++_libs/arm-rockchip830-linux-uclibcgnueabihf-master/bin/../arm-rockchip830-linux-uclibcgnueabihf/sysroot/usr/lib CMakeFiles/cmTC_673f0.dir/CMakeCXXCompilerABI.cpp.o -lstdc++ -lm -lgcc_s -lgcc -lc -lgcc_s -lgcc /mnt/c/Users/11198/Documents/C++_libs/arm-rockchip830-linux-uclibcgnueabihf-master/bin/../lib/gcc/arm-rockchip830-linux-uclibcgnueabihf/8.3.0/crtend.o /mnt/c/Users/11198/Documents/C++_libs/arm-rockchip830-linux-uclibcgnueabihf-master/bin/../arm-rockchip830-linux-uclibcgnueabihf/sysroot/usr/lib/crtn.o
COLLECT_GCC_OPTIONS='-v' '-o' 'cmTC_673f0' '-shared-libgcc'  '-mfloat-abi=hard' '-mfpu=neon-vfpv4' '-mtls-dialect=gnu' '-marm' '-march=armv7-a+neon-vfpv4'
gmake[1]: Leaving directory '/mnt/c/Users/11198/Documents/RV1103_demo/test_demo/rknn_model_zoo-2.3.2/build/build_rknn_yolov5_demo_rv1106_linux_armhf_Release/CMakeFiles/CMakeTmp'



Parsed CXX implicit include dir info from above output: rv=done
  found start of include info
  found start of implicit include info
    add: [/mnt/c/Users/11198/Documents/C++_libs/arm-rockchip830-linux-uclibcgnueabihf-master/bin/../lib/gcc/arm-rockchip830-linux-uclibcgnueabihf/8.3.0/../../../../arm-rockchip830-linux-uclibcgnueabihf/include/c++/8.3.0]
    add: [/mnt/c/Users/11198/Documents/C++_libs/arm-rockchip830-linux-uclibcgnueabihf-master/bin/../lib/gcc/arm-rockchip830-linux-uclibcgnueabihf/8.3.0/../../../../arm-rockchip830-linux-uclibcgnueabihf/include/c++/8.3.0/arm-rockchip830-linux-uclibcgnueabihf]
    add: [/mnt/c/Users/11198/Documents/C++_libs/arm-rockchip830-linux-uclibcgnueabihf-master/bin/../lib/gcc/arm-rockchip830-linux-uclibcgnueabihf/8.3.0/../../../../arm-rockchip830-linux-uclibcgnueabihf/include/c++/8.3.0/backward]
    add: [/mnt/c/Users/11198/Documents/C++_libs/arm-rockchip830-linux-uclibcgnueabihf-master/bin/../lib/gcc/arm-rockchip830-linux-uclibcgnueabihf/8.3.0/include]
    add: [/mnt/c/Users/11198/Documents/C++_libs/arm-rockchip830-linux-uclibcgnueabihf-master/bin/../lib/gcc/arm-rockchip830-linux-uclibcgnueabihf/8.3.0/include-fixed]
    add: [/mnt/c/Users/11198/Documents/C++_libs/arm-rockchip830-linux-uclibcgnueabihf-master/bin/../lib/gcc/arm-rockchip830-linux-uclibcgnueabihf/8.3.0/../../../../arm-rockchip830-linux-uclibcgnueabihf/include]
    add: [/mnt/c/Users/11198/Documents/C++_libs/arm-rockchip830-linux-uclibcgnueabihf-master/bin/../arm-rockchip830-linux-uclibcgnueabihf/sysroot/usr/include]
  end of search list found
  collapse include dir [/mnt/c/Users/11198/Documents/C++_libs/arm-rockchip830-linux-uclibcgnueabihf-master/bin/../lib/gcc/arm-rockchip830-linux-uclibcgnueabihf/8.3.0/../../../../arm-rockchip830-linux-uclibcgnueabihf/include/c++/8.3.0] ==> [/mnt/c/Users/11198/Documents/C++_libs/arm-rockchip830-linux-uclibcgnueabihf-master/arm-rockchip830-linux-uclibcgnueabihf/include/c++/8.3.0]
  collapse include dir [/mnt/c/Users/11198/Documents/C++_libs/arm-rockchip830-linux-uclibcgnueabihf-master/bin/../lib/gcc/arm-rockchip830-linux-uclibcgnueabihf/8.3.0/../../../../arm-rockchip830-linux-uclibcgnueabihf/include/c++/8.3.0/arm-rockchip830-linux-uclibcgnueabihf] ==> [/mnt/c/Users/11198/Documents/C++_libs/arm-rockchip830-linux-uclibcgnueabihf-master/arm-rockchip830-linux-uclibcgnueabihf/include/c++/8.3.0/arm-rockchip830-linux-uclibcgnueabihf]
  collapse include dir [/mnt/c/Users/11198/Documents/C++_libs/arm-rockchip830-linux-uclibcgnueabihf-master/bin/../lib/gcc/arm-rockchip830-linux-uclibcgnueabihf/8.3.0/../../../../arm-rockchip830-linux-uclibcgnueabihf/include/c++/8.3.0/backward] ==> [/mnt/c/Users/11198/Documents/C++_libs/arm-rockchip830-linux-uclibcgnueabihf-master/arm-rockchip830-linux-uclibcgnueabihf/include/c++/8.3.0/backward]
  collapse include dir [/mnt/c/Users/11198/Documents/C++_libs/arm-rockchip830-linux-uclibcgnueabihf-master/bin/../lib/gcc/arm-rockchip830-linux-uclibcgnueabihf/8.3.0/include] ==> [/mnt/c/Users/11198/Documents/C++_libs/arm-rockchip830-linux-uclibcgnueabihf-master/lib/gcc/arm-rockchip830-linux-uclibcgnueabihf/8.3.0/include]
  collapse include dir [/mnt/c/Users/11198/Documents/C++_libs/arm-rockchip830-linux-uclibcgnueabihf-master/bin/../lib/gcc/arm-rockchip830-linux-uclibcgnueabihf/8.3.0/include-fixed] ==> [/mnt/c/Users/11198/Documents/C++_libs/arm-rockchip830-linux-uclibcgnueabihf-master/lib/gcc/arm-rockchip830-linux-uclibcgnueabihf/8.3.0/include-fixed]
  collapse include dir [/mnt/c/Users/11198/Documents/C++_libs/arm-rockchip830-linux-uclibcgnueabihf-master/bin/../lib/gcc/arm-rockchip830-linux-uclibcgnueabihf/8.3.0/../../../../arm-rockchip830-linux-uclibcgnueabihf/include] ==> [/mnt/c/Users/11198/Documents/C++_libs/arm-rockchip830-linux-uclibcgnueabihf-master/arm-rockchip830-linux-uclibcgnueabihf/include]
  collapse include dir [/mnt/c/Users/11198/Documents/C++_libs/arm-rockchip830-linux-uclibcgnueabihf-master/bin/../arm-rockchip830-linux-uclibcgnueabihf/sysroot/usr/include] ==> [/mnt/c/Users/11198/Documents/C++_libs/arm-rockchip830-linux-uclibcgnueabihf-master/arm-rockchip830-linux-uclibcgnueabihf/sysroot/usr/include]
  implicit include dirs: [/mnt/c/Users/11198/Documents/C++_libs/arm-rockchip830-linux-uclibcgnueabihf-master/arm-rockchip830-linux-uclibcgnueabihf/include/c++/8.3.0;/mnt/c/Users/11198/Documents/C++_libs/arm-rockchip830-linux-uclibcgnueabihf-master/arm-rockchip830-linux-uclibcgnueabihf/include/c++/8.3.0/arm-rockchip830-linux-uclibcgnueabihf;/mnt/c/Users/11198/Documents/C++_libs/arm-rockchip830-linux-uclibcgnueabihf-master/arm-rockchip830-linux-uclibcgnueabihf/include/c++/8.3.0/backward;/mnt/c/Users/11198/Documents/C++_libs/arm-rockchip830-linux-uclibcgnueabihf-master/lib/gcc/arm-rockchip830-linux-uclibcgnueabihf/8.3.0/include;/mnt/c/Users/11198/Documents/C++_libs/arm-rockchip830-linux-uclibcgnueabihf-master/lib/gcc/arm-rockchip830-linux-uclibcgnueabihf/8.3.0/include-fixed;/mnt/c/Users/11198/Documents/C++_libs/arm-rockchip830-linux-uclibcgnueabihf-master/arm-rockchip830-linux-uclibcgnueabihf/include;/mnt/c/Users/11198/Documents/C++_libs/arm-rockchip830-linux-uclibcgnueabihf-master/arm-rockchip830-linux-uclibcgnueabihf/sysroot/usr/include]


Parsed CXX implicit link information from above output:
  link line regex: [^( *|.*[/\])(arm-rockchip830-linux-uclibcgnueabihf-ld|CMAKE_LINK_STARTFILE-NOTFOUND|([^/\]+-)?ld|collect2)[^/\]*( |$)]
  ignore line: [Change Dir: /mnt/c/Users/11198/Documents/RV1103_demo/test_demo/rknn_model_zoo-2.3.2/build/build_rknn_yolov5_demo_rv1106_linux_armhf_Release/CMakeFiles/CMakeTmp]
  ignore line: []
  ignore line: [Run Build Command(s):/usr/bin/gmake -f Makefile cmTC_673f0/fast && /usr/bin/gmake  -f CMakeFiles/cmTC_673f0.dir/build.make CMakeFiles/cmTC_673f0.dir/build]
  ignore line: [gmake[1]: Entering directory '/mnt/c/Users/11198/Documents/RV1103_demo/test_demo/rknn_model_zoo-2.3.2/build/build_rknn_yolov5_demo_rv1106_linux_armhf_Release/CMakeFiles/CMakeTmp']
  ignore line: [Building CXX object CMakeFiles/cmTC_673f0.dir/CMakeCXXCompilerABI.cpp.o]
  ignore line: [/mnt/c/Users/11198/Documents/C++_libs/arm-rockchip830-linux-uclibcgnueabihf-master/bin/arm-rockchip830-linux-uclibcgnueabihf-g++   -v -std=gnu++17 -o CMakeFiles/cmTC_673f0.dir/CMakeCXXCompilerABI.cpp.o -c /usr/share/cmake-3.22/Modules/CMakeCXXCompilerABI.cpp]
  ignore line: [Using built-in specs.]
  ignore line: [COLLECT_GCC=/mnt/c/Users/11198/Documents/C++_libs/arm-rockchip830-linux-uclibcgnueabihf-master/bin/arm-rockchip830-linux-uclibcgnueabihf-g++]
  ignore line: [Target: arm-rockchip830-linux-uclibcgnueabihf]
  ignore line: [Configured with: /opt/.build/arm-rockchip830-linux-uclibcgnueabihf/src/gcc/configure --build=x86_64-build_pc-linux-gnu --host=x86_64-build_pc-linux-gnu --target=arm-rockchip830-linux-uclibcgnueabihf --prefix=/opt/x-tool/arm-rockchip830-linux-uclibcgnueabihf --with-sysroot=/opt/x-tool/arm-rockchip830-linux-uclibcgnueabihf/arm-rockchip830-linux-uclibcgnueabihf/sysroot --enable-languages=c c++ --with-arch=armv7-a --with-fpu=neon-vfpv4 --with-float=hard --with-pkgversion='crosstool-NG 1.24.0' --enable-__cxa_atexit --disable-libmudflap --disable-libgomp --disable-libssp --disable-libquadmath --disable-libquadmath-support --disable-libsanitizer --disable-libmpx --with-gmp=/opt/.build/arm-rockchip830-linux-uclibcgnueabihf/buildtools --with-mpfr=/opt/.build/arm-rockchip830-linux-uclibcgnueabihf/buildtools --with-mpc=/opt/.build/arm-rockchip830-linux-uclibcgnueabihf/buildtools --with-isl=/opt/.build/arm-rockchip830-linux-uclibcgnueabihf/buildtools --enable-lto --with-host-libstdcxx='-static-libgcc -Wl -Bstatic -lstdc++ -Bdynamic -lm' --enable-threads=posix --enable-target-optspace --enable-plugin --enable-gold --disable-nls --disable-multilib --with-local-prefix=/opt/x-tool/arm-rockchip830-linux-uclibcgnueabihf/arm-rockchip830-linux-uclibcgnueabihf/sysroot --enable-long-long]
  ignore line: [Thread model: posix]
  ignore line: [gcc version 8.3.0 (crosstool-NG 1.24.0) ]
  ignore line: [COLLECT_GCC_OPTIONS='-v' '-std=gnu++17' '-o' 'CMakeFiles/cmTC_673f0.dir/CMakeCXXCompilerABI.cpp.o' '-c' '-shared-libgcc'  '-mfloat-abi=hard' '-mfpu=neon-vfpv4' '-mtls-dialect=gnu' '-marm' '-march=armv7-a+neon-vfpv4']
  ignore line: [ /mnt/c/Users/11198/Documents/C++_libs/arm-rockchip830-linux-uclibcgnueabihf-master/bin/../libexec/gcc/arm-rockchip830-linux-uclibcgnueabihf/8.3.0/cc1plus -quiet -v -iprefix /mnt/c/Users/11198/Documents/C++_libs/arm-rockchip830-linux-uclibcgnueabihf-master/bin/../lib/gcc/arm-rockchip830-linux-uclibcgnueabihf/8.3.0/ -isysroot /mnt/c/Users/11198/Documents/C++_libs/arm-rockchip830-linux-uclibcgnueabihf-master/bin/../arm-rockchip830-linux-uclibcgnueabihf/sysroot -D_GNU_SOURCE /usr/share/cmake-3.22/Modules/CMakeCXXCompilerABI.cpp -quiet -dumpbase CMakeCXXCompilerABI.cpp -mfloat-abi=hard -mfpu=neon-vfpv4 -mtls-dialect=gnu -marm -march=armv7-a+neon-vfpv4 -auxbase-strip CMakeFiles/cmTC_673f0.dir/CMakeCXXCompilerABI.cpp.o -std=gnu++17 -version -o /tmp/ccAKD6kY.s]
  ignore line: [GNU C++17 (crosstool-NG 1.24.0) version 8.3.0 (arm-rockchip830-linux-uclibcgnueabihf)]
  ignore line: [	compiled by GNU C version 5.4.0 20160609  GMP version 6.1.2  MPFR version 4.0.2  MPC version 1.1.0  isl version isl-0.24-GMP]
  ignore line: []
  ignore line: [GGC heuristics: --param ggc-min-expand=100 --param ggc-min-heapsize=131072]
  ignore line: [ignoring duplicate directory "/mnt/c/Users/11198/Documents/C++_libs/arm-rockchip830-linux-uclibcgnueabihf-master/bin/../lib/gcc/../../lib/gcc/arm-rockchip830-linux-uclibcgnueabihf/8.3.0/../../../../arm-rockchip830-linux-uclibcgnueabihf/include/c++/8.3.0"]
  ignore line: [ignoring duplicate directory "/mnt/c/Users/11198/Documents/C++_libs/arm-rockchip830-linux-uclibcgnueabihf-master/bin/../lib/gcc/../../lib/gcc/arm-rockchip830-linux-uclibcgnueabihf/8.3.0/../../../../arm-rockchip830-linux-uclibcgnueabihf/include/c++/8.3.0/arm-rockchip830-linux-uclibcgnueabihf"]
  ignore line: [ignoring duplicate directory "/mnt/c/Users/11198/Documents/C++_libs/arm-rockchip830-linux-uclibcgnueabihf-master/bin/../lib/gcc/../../lib/gcc/arm-rockchip830-linux-uclibcgnueabihf/8.3.0/../../../../arm-rockchip830-linux-uclibcgnueabihf/include/c++/8.3.0/backward"]
  ignore line: [ignoring duplicate directory "/mnt/c/Users/11198/Documents/C++_libs/arm-rockchip830-linux-uclibcgnueabihf-master/bin/../lib/gcc/../../lib/gcc/arm-rockchip830-linux-uclibcgnueabihf/8.3.0/include"]
  ignore line: [ignoring nonexistent directory "/mnt/c/Users/11198/Documents/C++_libs/arm-rockchip830-linux-uclibcgnueabihf-master/bin/../arm-rockchip830-linux-uclibcgnueabihf/sysroot/opt/x-tool/arm-rockchip830-linux-uclibcgnueabihf/arm-rockchip830-linux-uclibcgnueabihf/sysroot/include"]
  ignore line: [ignoring duplicate directory "/mnt/c/Users/11198/Documents/C++_libs/arm-rockchip830-linux-uclibcgnueabihf-master/bin/../lib/gcc/../../lib/gcc/arm-rockchip830-linux-uclibcgnueabihf/8.3.0/include-fixed"]
  ignore line: [ignoring duplicate directory "/mnt/c/Users/11198/Documents/C++_libs/arm-rockchip830-linux-uclibcgnueabihf-master/bin/../lib/gcc/../../lib/gcc/arm-rockchip830-linux-uclibcgnueabihf/8.3.0/../../../../arm-rockchip830-linux-uclibcgnueabihf/include"]
  ignore line: [#include "..." search starts here:]
  ignore line: [#include <...> search starts here:]
  ignore line: [ /mnt/c/Users/11198/Documents/C++_libs/arm-rockchip830-linux-uclibcgnueabihf-master/bin/../lib/gcc/arm-rockchip830-linux-uclibcgnueabihf/8.3.0/../../../../arm-rockchip830-linux-uclibcgnueabihf/include/c++/8.3.0]
  ignore line: [ /mnt/c/Users/11198/Documents/C++_libs/arm-rockchip830-linux-uclibcgnueabihf-master/bin/../lib/gcc/arm-rockchip830-linux-uclibcgnueabihf/8.3.0/../../../../arm-rockchip830-linux-uclibcgnueabihf/include/c++/8.3.0/arm-rockchip830-linux-uclibcgnueabihf]
  ignore line: [ /mnt/c/Users/11198/Documents/C++_libs/arm-rockchip830-linux-uclibcgnueabihf-master/bin/../lib/gcc/arm-rockchip830-linux-uclibcgnueabihf/8.3.0/../../../../arm-rockchip830-linux-uclibcgnueabihf/include/c++/8.3.0/backward]
  ignore line: [ /mnt/c/Users/11198/Documents/C++_libs/arm-rockchip830-linux-uclibcgnueabihf-master/bin/../lib/gcc/arm-rockchip830-linux-uclibcgnueabihf/8.3.0/include]
  ignore line: [ /mnt/c/Users/11198/Documents/C++_libs/arm-rockchip830-linux-uclibcgnueabihf-master/bin/../lib/gcc/arm-rockchip830-linux-uclibcgnueabihf/8.3.0/include-fixed]
  ignore line: [ /mnt/c/Users/11198/Documents/C++_libs/arm-rockchip830-linux-uclibcgnueabihf-master/bin/../lib/gcc/arm-rockchip830-linux-uclibcgnueabihf/8.3.0/../../../../arm-rockchip830-linux-uclibcgnueabihf/include]
  ignore line: [ /mnt/c/Users/11198/Documents/C++_libs/arm-rockchip830-linux-uclibcgnueabihf-master/bin/../arm-rockchip830-linux-uclibcgnueabihf/sysroot/usr/include]
  ignore line: [End of search list.]
  ignore line: [GNU C++17 (crosstool-NG 1.24.0) version 8.3.0 (arm-rockchip830-linux-uclibcgnueabihf)]
  ignore line: [	compiled by GNU C version 5.4.0 20160609  GMP version 6.1.2  MPFR version 4.0.2  MPC version 1.1.0  isl version isl-0.24-GMP]
  ignore line: []
  ignore line: [GGC heuristics: --param ggc-min-expand=100 --param ggc-min-heapsize=131072]
  ignore line: [Compiler executable checksum: d5c264ef54524d60c06e4776bc6f681b]
  ignore line: [COLLECT_GCC_OPTIONS='-v' '-std=gnu++17' '-o' 'CMakeFiles/cmTC_673f0.dir/CMakeCXXCompilerABI.cpp.o' '-c' '-shared-libgcc'  '-mfloat-abi=hard' '-mfpu=neon-vfpv4' '-mtls-dialect=gnu' '-marm' '-march=armv7-a+neon-vfpv4']
  ignore line: [ /mnt/c/Users/11198/Documents/C++_libs/arm-rockchip830-linux-uclibcgnueabihf-master/bin/../lib/gcc/arm-rockchip830-linux-uclibcgnueabihf/8.3.0/../../../../arm-rockchip830-linux-uclibcgnueabihf/bin/as -v -march=armv7-a -mfloat-abi=hard -mfpu=neon-vfpv4 -meabi=5 -o CMakeFiles/cmTC_673f0.dir/CMakeCXXCompilerABI.cpp.o /tmp/ccAKD6kY.s]
  ignore line: [GNU assembler version 2.32 (arm-rockchip830-linux-uclibcgnueabihf) using BFD version (crosstool-NG 1.24.0) 2.32]
  ignore line: [COMPILER_PATH=/mnt/c/Users/11198/Documents/C++_libs/arm-rockchip830-linux-uclibcgnueabihf-master/bin/../libexec/gcc/arm-rockchip830-linux-uclibcgnueabihf/8.3.0/:/mnt/c/Users/11198/Documents/C++_libs/arm-rockchip830-linux-uclibcgnueabihf-master/bin/../libexec/gcc/:/mnt/c/Users/11198/Documents/C++_libs/arm-rockchip830-linux-uclibcgnueabihf-master/bin/../lib/gcc/arm-rockchip830-linux-uclibcgnueabihf/8.3.0/../../../../arm-rockchip830-linux-uclibcgnueabihf/bin/]
  ignore line: [LIBRARY_PATH=/mnt/c/Users/11198/Documents/C++_libs/arm-rockchip830-linux-uclibcgnueabihf-master/bin/../lib/gcc/arm-rockchip830-linux-uclibcgnueabihf/8.3.0/:/mnt/c/Users/11198/Documents/C++_libs/arm-rockchip830-linux-uclibcgnueabihf-master/bin/../lib/gcc/:/mnt/c/Users/11198/Documents/C++_libs/arm-rockchip830-linux-uclibcgnueabihf-master/bin/../lib/gcc/arm-rockchip830-linux-uclibcgnueabihf/8.3.0/../../../../arm-rockchip830-linux-uclibcgnueabihf/lib/:/mnt/c/Users/11198/Documents/C++_libs/arm-rockchip830-linux-uclibcgnueabihf-master/bin/../arm-rockchip830-linux-uclibcgnueabihf/sysroot/lib/:/mnt/c/Users/11198/Documents/C++_libs/arm-rockchip830-linux-uclibcgnueabihf-master/bin/../arm-rockchip830-linux-uclibcgnueabihf/sysroot/usr/lib/]
  ignore line: [COLLECT_GCC_OPTIONS='-v' '-std=gnu++17' '-o' 'CMakeFiles/cmTC_673f0.dir/CMakeCXXCompilerABI.cpp.o' '-c' '-shared-libgcc'  '-mfloat-abi=hard' '-mfpu=neon-vfpv4' '-mtls-dialect=gnu' '-marm' '-march=armv7-a+neon-vfpv4']
  ignore line: [Linking CXX executable cmTC_673f0]
  ignore line: [/usr/bin/cmake -E cmake_link_script CMakeFiles/cmTC_673f0.dir/link.txt --verbose=1]
  ignore line: [/mnt/c/Users/11198/Documents/C++_libs/arm-rockchip830-linux-uclibcgnueabihf-master/bin/arm-rockchip830-linux-uclibcgnueabihf-g++  -v CMakeFiles/cmTC_673f0.dir/CMakeCXXCompilerABI.cpp.o -o cmTC_673f0 ]
  ignore line: [Using built-in specs.]
  ignore line: [COLLECT_GCC=/mnt/c/Users/11198/Documents/C++_libs/arm-rockchip830-linux-uclibcgnueabihf-master/bin/arm-rockchip830-linux-uclibcgnueabihf-g++]
  ignore line: [COLLECT_LTO_WRAPPER=/mnt/c/Users/11198/Documents/C++_libs/arm-rockchip830-linux-uclibcgnueabihf-master/bin/../libexec/gcc/arm-rockchip830-linux-uclibcgnueabihf/8.3.0/lto-wrapper]
  ignore line: [Target: arm-rockchip830-linux-uclibcgnueabihf]
  ignore line: [Configured with: /opt/.build/arm-rockchip830-linux-uclibcgnueabihf/src/gcc/configure --build=x86_64-build_pc-linux-gnu --host=x86_64-build_pc-linux-gnu --target=arm-rockchip830-linux-uclibcgnueabihf --prefix=/opt/x-tool/arm-rockchip830-linux-uclibcgnueabihf --with-sysroot=/opt/x-tool/arm-rockchip830-linux-uclibcgnueabihf/arm-rockchip830-linux-uclibcgnueabihf/sysroot --enable-languages=c c++ --with-arch=armv7-a --with-fpu=neon-vfpv4 --with-float=hard --with-pkgversion='crosstool-NG 1.24.0' --enable-__cxa_atexit --disable-libmudflap --disable-libgomp --disable-libssp --disable-libquadmath --disable-libquadmath-support --disable-libsanitizer --disable-libmpx --with-gmp=/opt/.build/arm-rockchip830-linux-uclibcgnueabihf/buildtools --with-mpfr=/opt/.build/arm-rockchip830-linux-uclibcgnueabihf/buildtools --with-mpc=/opt/.build/arm-rockchip830-linux-uclibcgnueabihf/buildtools --with-isl=/opt/.build/arm-rockchip830-linux-uclibcgnueabihf/buildtools --enable-lto --with-host-libstdcxx='-static-libgcc -Wl -Bstatic -lstdc++ -Bdynamic -lm' --enable-threads=posix --enable-target-optspace --enable-plugin --enable-gold --disable-nls --disable-multilib --with-local-prefix=/opt/x-tool/arm-rockchip830-linux-uclibcgnueabihf/arm-rockchip830-linux-uclibcgnueabihf/sysroot --enable-long-long]
  ignore line: [Thread model: posix]
  ignore line: [gcc version 8.3.0 (crosstool-NG 1.24.0) ]
  ignore line: [COMPILER_PATH=/mnt/c/Users/11198/Documents/C++_libs/arm-rockchip830-linux-uclibcgnueabihf-master/bin/../libexec/gcc/arm-rockchip830-linux-uclibcgnueabihf/8.3.0/:/mnt/c/Users/11198/Documents/C++_libs/arm-rockchip830-linux-uclibcgnueabihf-master/bin/../libexec/gcc/:/mnt/c/Users/11198/Documents/C++_libs/arm-rockchip830-linux-uclibcgnueabihf-master/bin/../lib/gcc/arm-rockchip830-linux-uclibcgnueabihf/8.3.0/../../../../arm-rockchip830-linux-uclibcgnueabihf/bin/]
  ignore line: [LIBRARY_PATH=/mnt/c/Users/11198/Documents/C++_libs/arm-rockchip830-linux-uclibcgnueabihf-master/bin/../lib/gcc/arm-rockchip830-linux-uclibcgnueabihf/8.3.0/:/mnt/c/Users/11198/Documents/C++_libs/arm-rockchip830-linux-uclibcgnueabihf-master/bin/../lib/gcc/:/mnt/c/Users/11198/Documents/C++_libs/arm-rockchip830-linux-uclibcgnueabihf-master/bin/../lib/gcc/arm-rockchip830-linux-uclibcgnueabihf/8.3.0/../../../../arm-rockchip830-linux-uclibcgnueabihf/lib/:/mnt/c/Users/11198/Documents/C++_libs/arm-rockchip830-linux-uclibcgnueabihf-master/bin/../arm-rockchip830-linux-uclibcgnueabihf/sysroot/lib/:/mnt/c/Users/11198/Documents/C++_libs/arm-rockchip830-linux-uclibcgnueabihf-master/bin/../arm-rockchip830-linux-uclibcgnueabihf/sysroot/usr/lib/]
  ignore line: [COLLECT_GCC_OPTIONS='-v' '-o' 'cmTC_673f0' '-shared-libgcc'  '-mfloat-abi=hard' '-mfpu=neon-vfpv4' '-mtls-dialect=gnu' '-marm' '-march=armv7-a+neon-vfpv4']
  link line: [ /mnt/c/Users/11198/Documents/C++_libs/arm-rockchip830-linux-uclibcgnueabihf-master/bin/../libexec/gcc/arm-rockchip830-linux-uclibcgnueabihf/8.3.0/collect2 -plugin /mnt/c/Users/11198/Documents/C++_libs/arm-rockchip830-linux-uclibcgnueabihf-master/bin/../libexec/gcc/arm-rockchip830-linux-uclibcgnueabihf/8.3.0/liblto_plugin.so -plugin-opt=/mnt/c/Users/11198/Documents/C++_libs/arm-rockchip830-linux-uclibcgnueabihf-master/bin/../libexec/gcc/arm-rockchip830-linux-uclibcgnueabihf/8.3.0/lto-wrapper -plugin-opt=-fresolution=/tmp/ccOFMo5L.res -plugin-opt=-pass-through=-lgcc_s -plugin-opt=-pass-through=-lgcc -plugin-opt=-pass-through=-lc -plugin-opt=-pass-through=-lgcc_s -plugin-opt=-pass-through=-lgcc --sysroot=/mnt/c/Users/11198/Documents/C++_libs/arm-rockchip830-linux-uclibcgnueabihf-master/bin/../arm-rockchip830-linux-uclibcgnueabihf/sysroot --eh-frame-hdr -dynamic-linker /lib/ld-uClibc.so.0 -X -m armelf_linux_eabi -o cmTC_673f0 /mnt/c/Users/11198/Documents/C++_libs/arm-rockchip830-linux-uclibcgnueabihf-master/bin/../arm-rockchip830-linux-uclibcgnueabihf/sysroot/usr/lib/crt1.o /mnt/c/Users/11198/Documents/C++_libs/arm-rockchip830-linux-uclibcgnueabihf-master/bin/../arm-rockchip830-linux-uclibcgnueabihf/sysroot/usr/lib/crti.o /mnt/c/Users/11198/Documents/C++_libs/arm-rockchip830-linux-uclibcgnueabihf-master/bin/../lib/gcc/arm-rockchip830-linux-uclibcgnueabihf/8.3.0/crtbegin.o -L/mnt/c/Users/11198/Documents/C++_libs/arm-rockchip830-linux-uclibcgnueabihf-master/bin/../lib/gcc/arm-rockchip830-linux-uclibcgnueabihf/8.3.0 -L/mnt/c/Users/11198/Documents/C++_libs/arm-rockchip830-linux-uclibcgnueabihf-master/bin/../lib/gcc -L/mnt/c/Users/11198/Documents/C++_libs/arm-rockchip830-linux-uclibcgnueabihf-master/bin/../lib/gcc/arm-rockchip830-linux-uclibcgnueabihf/8.3.0/../../../../arm-rockchip830-linux-uclibcgnueabihf/lib -L/mnt/c/Users/11198/Documents/C++_libs/arm-rockchip830-linux-uclibcgnueabihf-master/bin/../arm-rockchip830-linux-uclibcgnueabihf/sysroot/lib -L/mnt/c/Users/11198/Documents/C++_libs/arm-rockchip830-linux-uclibcgnueabihf-master/bin/../arm-rockchip830-linux-uclibcgnueabihf/sysroot/usr/lib CMakeFiles/cmTC_673f0.dir/CMakeCXXCompilerABI.cpp.o -lstdc++ -lm -lgcc_s -lgcc -lc -lgcc_s -lgcc /mnt/c/Users/11198/Documents/C++_libs/arm-rockchip830-linux-uclibcgnueabihf-master/bin/../lib/gcc/arm-rockchip830-linux-uclibcgnueabihf/8.3.0/crtend.o /mnt/c/Users/11198/Documents/C++_libs/arm-rockchip830-linux-uclibcgnueabihf-master/bin/../arm-rockchip830-linux-uclibcgnueabihf/sysroot/usr/lib/crtn.o]
    arg [/mnt/c/Users/11198/Documents/C++_libs/arm-rockchip830-linux-uclibcgnueabihf-master/bin/../libexec/gcc/arm-rockchip830-linux-uclibcgnueabihf/8.3.0/collect2] ==> ignore
    arg [-plugin] ==> ignore
    arg [/mnt/c/Users/11198/Documents/C++_libs/arm-rockchip830-linux-uclibcgnueabihf-master/bin/../libexec/gcc/arm-rockchip830-linux-uclibcgnueabihf/8.3.0/liblto_plugin.so] ==> ignore
    arg [-plugin-opt=/mnt/c/Users/11198/Documents/C++_libs/arm-rockchip830-linux-uclibcgnueabihf-master/bin/../libexec/gcc/arm-rockchip830-linux-uclibcgnueabihf/8.3.0/lto-wrapper] ==> ignore
    arg [-plugin-opt=-fresolution=/tmp/ccOFMo5L.res] ==> ignore
    arg [-plugin-opt=-pass-through=-lgcc_s] ==> ignore
    arg [-plugin-opt=-pass-through=-lgcc] ==> ignore
    arg [-plugin-opt=-pass-through=-lc] ==> ignore
    arg [-plugin-opt=-pass-through=-lgcc_s] ==> ignore
    arg [-plugin-opt=-pass-through=-lgcc] ==> ignore
    arg [--sysroot=/mnt/c/Users/11198/Documents/C++_libs/arm-rockchip830-linux-uclibcgnueabihf-master/bin/../arm-rockchip830-linux-uclibcgnueabihf/sysroot] ==> ignore
    arg [--eh-frame-hdr] ==> ignore
    arg [-dynamic-linker] ==> ignore
    arg [/lib/ld-uClibc.so.0] ==> ignore
    arg [-X] ==> ignore
    arg [-m] ==> ignore
    arg [armelf_linux_eabi] ==> ignore
    arg [-o] ==> ignore
    arg [cmTC_673f0] ==> ignore
    arg [/mnt/c/Users/11198/Documents/C++_libs/arm-rockchip830-linux-uclibcgnueabihf-master/bin/../arm-rockchip830-linux-uclibcgnueabihf/sysroot/usr/lib/crt1.o] ==> obj [/mnt/c/Users/11198/Documents/C++_libs/arm-rockchip830-linux-uclibcgnueabihf-master/bin/../arm-rockchip830-linux-uclibcgnueabihf/sysroot/usr/lib/crt1.o]
    arg [/mnt/c/Users/11198/Documents/C++_libs/arm-rockchip830-linux-uclibcgnueabihf-master/bin/../arm-rockchip830-linux-uclibcgnueabihf/sysroot/usr/lib/crti.o] ==> obj [/mnt/c/Users/11198/Documents/C++_libs/arm-rockchip830-linux-uclibcgnueabihf-master/bin/../arm-rockchip830-linux-uclibcgnueabihf/sysroot/usr/lib/crti.o]
    arg [/mnt/c/Users/11198/Documents/C++_libs/arm-rockchip830-linux-uclibcgnueabihf-master/bin/../lib/gcc/arm-rockchip830-linux-uclibcgnueabihf/8.3.0/crtbegin.o] ==> obj [/mnt/c/Users/11198/Documents/C++_libs/arm-rockchip830-linux-uclibcgnueabihf-master/bin/../lib/gcc/arm-rockchip830-linux-uclibcgnueabihf/8.3.0/crtbegin.o]
    arg [-L/mnt/c/Users/11198/Documents/C++_libs/arm-rockchip830-linux-uclibcgnueabihf-master/bin/../lib/gcc/arm-rockchip830-linux-uclibcgnueabihf/8.3.0] ==> dir [/mnt/c/Users/11198/Documents/C++_libs/arm-rockchip830-linux-uclibcgnueabihf-master/bin/../lib/gcc/arm-rockchip830-linux-uclibcgnueabihf/8.3.0]
    arg [-L/mnt/c/Users/11198/Documents/C++_libs/arm-rockchip830-linux-uclibcgnueabihf-master/bin/../lib/gcc] ==> dir [/mnt/c/Users/11198/Documents/C++_libs/arm-rockchip830-linux-uclibcgnueabihf-master/bin/../lib/gcc]
    arg [-L/mnt/c/Users/11198/Documents/C++_libs/arm-rockchip830-linux-uclibcgnueabihf-master/bin/../lib/gcc/arm-rockchip830-linux-uclibcgnueabihf/8.3.0/../../../../arm-rockchip830-linux-uclibcgnueabihf/lib] ==> dir [/mnt/c/Users/11198/Documents/C++_libs/arm-rockchip830-linux-uclibcgnueabihf-master/bin/../lib/gcc/arm-rockchip830-linux-uclibcgnueabihf/8.3.0/../../../../arm-rockchip830-linux-uclibcgnueabihf/lib]
    arg [-L/mnt/c/Users/11198/Documents/C++_libs/arm-rockchip830-linux-uclibcgnueabihf-master/bin/../arm-rockchip830-linux-uclibcgnueabihf/sysroot/lib] ==> dir [/mnt/c/Users/11198/Documents/C++_libs/arm-rockchip830-linux-uclibcgnueabihf-master/bin/../arm-rockchip830-linux-uclibcgnueabihf/sysroot/lib]
    arg [-L/mnt/c/Users/11198/Documents/C++_libs/arm-rockchip830-linux-uclibcgnueabihf-master/bin/../arm-rockchip830-linux-uclibcgnueabihf/sysroot/usr/lib] ==> dir [/mnt/c/Users/11198/Documents/C++_libs/arm-rockchip830-linux-uclibcgnueabihf-master/bin/../arm-rockchip830-linux-uclibcgnueabihf/sysroot/usr/lib]
    arg [CMakeFiles/cmTC_673f0.dir/CMakeCXXCompilerABI.cpp.o] ==> ignore
    arg [-lstdc++] ==> lib [stdc++]
    arg [-lm] ==> lib [m]
    arg [-lgcc_s] ==> lib [gcc_s]
    arg [-lgcc] ==> lib [gcc]
    arg [-lc] ==> lib [c]
    arg [-lgcc_s] ==> lib [gcc_s]
    arg [-lgcc] ==> lib [gcc]
    arg [/mnt/c/Users/11198/Documents/C++_libs/arm-rockchip830-linux-uclibcgnueabihf-master/bin/../lib/gcc/arm-rockchip830-linux-uclibcgnueabihf/8.3.0/crtend.o] ==> obj [/mnt/c/Users/11198/Documents/C++_libs/arm-rockchip830-linux-uclibcgnueabihf-master/bin/../lib/gcc/arm-rockchip830-linux-uclibcgnueabihf/8.3.0/crtend.o]
    arg [/mnt/c/Users/11198/Documents/C++_libs/arm-rockchip830-linux-uclibcgnueabihf-master/bin/../arm-rockchip830-linux-uclibcgnueabihf/sysroot/usr/lib/crtn.o] ==> obj [/mnt/c/Users/11198/Documents/C++_libs/arm-rockchip830-linux-uclibcgnueabihf-master/bin/../arm-rockchip830-linux-uclibcgnueabihf/sysroot/usr/lib/crtn.o]
  collapse obj [/mnt/c/Users/11198/Documents/C++_libs/arm-rockchip830-linux-uclibcgnueabihf-master/bin/../arm-rockchip830-linux-uclibcgnueabihf/sysroot/usr/lib/crt1.o] ==> [/mnt/c/Users/11198/Documents/C++_libs/arm-rockchip830-linux-uclibcgnueabihf-master/arm-rockchip830-linux-uclibcgnueabihf/sysroot/usr/lib/crt1.o]
  collapse obj [/mnt/c/Users/11198/Documents/C++_libs/arm-rockchip830-linux-uclibcgnueabihf-master/bin/../arm-rockchip830-linux-uclibcgnueabihf/sysroot/usr/lib/crti.o] ==> [/mnt/c/Users/11198/Documents/C++_libs/arm-rockchip830-linux-uclibcgnueabihf-master/arm-rockchip830-linux-uclibcgnueabihf/sysroot/usr/lib/crti.o]
  collapse obj [/mnt/c/Users/11198/Documents/C++_libs/arm-rockchip830-linux-uclibcgnueabihf-master/bin/../lib/gcc/arm-rockchip830-linux-uclibcgnueabihf/8.3.0/crtbegin.o] ==> [/mnt/c/Users/11198/Documents/C++_libs/arm-rockchip830-linux-uclibcgnueabihf-master/lib/gcc/arm-rockchip830-linux-uclibcgnueabihf/8.3.0/crtbegin.o]
  collapse obj [/mnt/c/Users/11198/Documents/C++_libs/arm-rockchip830-linux-uclibcgnueabihf-master/bin/../lib/gcc/arm-rockchip830-linux-uclibcgnueabihf/8.3.0/crtend.o] ==> [/mnt/c/Users/11198/Documents/C++_libs/arm-rockchip830-linux-uclibcgnueabihf-master/lib/gcc/arm-rockchip830-linux-uclibcgnueabihf/8.3.0/crtend.o]
  collapse obj [/mnt/c/Users/11198/Documents/C++_libs/arm-rockchip830-linux-uclibcgnueabihf-master/bin/../arm-rockchip830-linux-uclibcgnueabihf/sysroot/usr/lib/crtn.o] ==> [/mnt/c/Users/11198/Documents/C++_libs/arm-rockchip830-linux-uclibcgnueabihf-master/arm-rockchip830-linux-uclibcgnueabihf/sysroot/usr/lib/crtn.o]
  collapse library dir [/mnt/c/Users/11198/Documents/C++_libs/arm-rockchip830-linux-uclibcgnueabihf-master/bin/../lib/gcc/arm-rockchip830-linux-uclibcgnueabihf/8.3.0] ==> [/mnt/c/Users/11198/Documents/C++_libs/arm-rockchip830-linux-uclibcgnueabihf-master/lib/gcc/arm-rockchip830-linux-uclibcgnueabihf/8.3.0]
  collapse library dir [/mnt/c/Users/11198/Documents/C++_libs/arm-rockchip830-linux-uclibcgnueabihf-master/bin/../lib/gcc] ==> [/mnt/c/Users/11198/Documents/C++_libs/arm-rockchip830-linux-uclibcgnueabihf-master/lib/gcc]
  collapse library dir [/mnt/c/Users/11198/Documents/C++_libs/arm-rockchip830-linux-uclibcgnueabihf-master/bin/../lib/gcc/arm-rockchip830-linux-uclibcgnueabihf/8.3.0/../../../../arm-rockchip830-linux-uclibcgnueabihf/lib] ==> [/mnt/c/Users/11198/Documents/C++_libs/arm-rockchip830-linux-uclibcgnueabihf-master/arm-rockchip830-linux-uclibcgnueabihf/lib]
  collapse library dir [/mnt/c/Users/11198/Documents/C++_libs/arm-rockchip830-linux-uclibcgnueabihf-master/bin/../arm-rockchip830-linux-uclibcgnueabihf/sysroot/lib] ==> [/mnt/c/Users/11198/Documents/C++_libs/arm-rockchip830-linux-uclibcgnueabihf-master/arm-rockchip830-linux-uclibcgnueabihf/sysroot/lib]
  collapse library dir [/mnt/c/Users/11198/Documents/C++_libs/arm-rockchip830-linux-uclibcgnueabihf-master/bin/../arm-rockchip830-linux-uclibcgnueabihf/sysroot/usr/lib] ==> [/mnt/c/Users/11198/Documents/C++_libs/arm-rockchip830-linux-uclibcgnueabihf-master/arm-rockchip830-linux-uclibcgnueabihf/sysroot/usr/lib]
  implicit libs: [stdc++;m;gcc_s;gcc;c;gcc_s;gcc]
  implicit objs: [/mnt/c/Users/11198/Documents/C++_libs/arm-rockchip830-linux-uclibcgnueabihf-master/arm-rockchip830-linux-uclibcgnueabihf/sysroot/usr/lib/crt1.o;/mnt/c/Users/11198/Documents/C++_libs/arm-rockchip830-linux-uclibcgnueabihf-master/arm-rockchip830-linux-uclibcgnueabihf/sysroot/usr/lib/crti.o;/mnt/c/Users/11198/Documents/C++_libs/arm-rockchip830-linux-uclibcgnueabihf-master/lib/gcc/arm-rockchip830-linux-uclibcgnueabihf/8.3.0/crtbegin.o;/mnt/c/Users/11198/Documents/C++_libs/arm-rockchip830-linux-uclibcgnueabihf-master/lib/gcc/arm-rockchip830-linux-uclibcgnueabihf/8.3.0/crtend.o;/mnt/c/Users/11198/Documents/C++_libs/arm-rockchip830-linux-uclibcgnueabihf-master/arm-rockchip830-linux-uclibcgnueabihf/sysroot/usr/lib/crtn.o]
  implicit dirs: [/mnt/c/Users/11198/Documents/C++_libs/arm-rockchip830-linux-uclibcgnueabihf-master/lib/gcc/arm-rockchip830-linux-uclibcgnueabihf/8.3.0;/mnt/c/Users/11198/Documents/C++_libs/arm-rockchip830-linux-uclibcgnueabihf-master/lib/gcc;/mnt/c/Users/11198/Documents/C++_libs/arm-rockchip830-linux-uclibcgnueabihf-master/arm-rockchip830-linux-uclibcgnueabihf/lib;/mnt/c/Users/11198/Documents/C++_libs/arm-rockchip830-linux-uclibcgnueabihf-master/arm-rockchip830-linux-uclibcgnueabihf/sysroot/lib;/mnt/c/Users/11198/Documents/C++_libs/arm-rockchip830-linux-uclibcgnueabihf-master/arm-rockchip830-linux-uclibcgnueabihf/sysroot/usr/lib]
  implicit fwks: []


Determining if the include file pthread.h exists passed with the following output:
Change Dir: /mnt/c/Users/11198/Documents/RV1103_demo/test_demo/rknn_model_zoo-2.3.2/build/build_rknn_yolov5_demo_rv1106_linux_armhf_Release/CMakeFiles/CMakeTmp

Run Build Command(s):/usr/bin/gmake -f Makefile cmTC_09272/fast && /usr/bin/gmake  -f CMakeFiles/cmTC_09272.dir/build.make CMakeFiles/cmTC_09272.dir/build
gmake[1]: Entering directory '/mnt/c/Users/11198/Documents/RV1103_demo/test_demo/rknn_model_zoo-2.3.2/build/build_rknn_yolov5_demo_rv1106_linux_armhf_Release/CMakeFiles/CMakeTmp'
Building C object CMakeFiles/cmTC_09272.dir/CheckIncludeFile.c.o
/mnt/c/Users/11198/Documents/C++_libs/arm-rockchip830-linux-uclibcgnueabihf-master/bin/arm-rockchip830-linux-uclibcgnueabihf-gcc    -o CMakeFiles/cmTC_09272.dir/CheckIncludeFile.c.o -c /mnt/c/Users/11198/Documents/RV1103_demo/test_demo/rknn_model_zoo-2.3.2/build/build_rknn_yolov5_demo_rv1106_linux_armhf_Release/CMakeFiles/CMakeTmp/CheckIncludeFile.c
Linking C executable cmTC_09272
/usr/bin/cmake -E cmake_link_script CMakeFiles/cmTC_09272.dir/link.txt --verbose=1
/mnt/c/Users/11198/Documents/C++_libs/arm-rockchip830-linux-uclibcgnueabihf-master/bin/arm-rockchip830-linux-uclibcgnueabihf-gcc CMakeFiles/cmTC_09272.dir/CheckIncludeFile.c.o -o cmTC_09272 
gmake[1]: Leaving directory '/mnt/c/Users/11198/Documents/RV1103_demo/test_demo/rknn_model_zoo-2.3.2/build/build_rknn_yolov5_demo_rv1106_linux_armhf_Release/CMakeFiles/CMakeTmp'



Performing C SOURCE FILE Test CMAKE_HAVE_LIBC_PTHREAD succeeded with the following output:
Change Dir: /mnt/c/Users/11198/Documents/RV1103_demo/test_demo/rknn_model_zoo-2.3.2/build/build_rknn_yolov5_demo_rv1106_linux_armhf_Release/CMakeFiles/CMakeTmp

Run Build Command(s):/usr/bin/gmake -f Makefile cmTC_c074e/fast && /usr/bin/gmake  -f CMakeFiles/cmTC_c074e.dir/build.make CMakeFiles/cmTC_c074e.dir/build
gmake[1]: Entering directory '/mnt/c/Users/11198/Documents/RV1103_demo/test_demo/rknn_model_zoo-2.3.2/build/build_rknn_yolov5_demo_rv1106_linux_armhf_Release/CMakeFiles/CMakeTmp'
Building C object CMakeFiles/cmTC_c074e.dir/src.c.o
/mnt/c/Users/11198/Documents/C++_libs/arm-rockchip830-linux-uclibcgnueabihf-master/bin/arm-rockchip830-linux-uclibcgnueabihf-gcc -DCMAKE_HAVE_LIBC_PTHREAD   -o CMakeFiles/cmTC_c074e.dir/src.c.o -c /mnt/c/Users/11198/Documents/RV1103_demo/test_demo/rknn_model_zoo-2.3.2/build/build_rknn_yolov5_demo_rv1106_linux_armhf_Release/CMakeFiles/CMakeTmp/src.c
Linking C executable cmTC_c074e
/usr/bin/cmake -E cmake_link_script CMakeFiles/cmTC_c074e.dir/link.txt --verbose=1
/mnt/c/Users/11198/Documents/C++_libs/arm-rockchip830-linux-uclibcgnueabihf-master/bin/arm-rockchip830-linux-uclibcgnueabihf-gcc CMakeFiles/cmTC_c074e.dir/src.c.o -o cmTC_c074e 
gmake[1]: Leaving directory '/mnt/c/Users/11198/Documents/RV1103_demo/test_demo/rknn_model_zoo-2.3.2/build/build_rknn_yolov5_demo_rv1106_linux_armhf_Release/CMakeFiles/CMakeTmp'


Source file was:
#include <pthread.h>

static void* test_func(void* data)
{
  return data;
}

int main(void)
{
  pthread_t thread;
  pthread_create(&thread, NULL, test_func, NULL);
  pthread_detach(thread);
  pthread_cancel(thread);
  pthread_join(thread, NULL);
  pthread_atfork(NULL, NULL, NULL);
  pthread_exit(NULL);

  return 0;
}

